Component: ARM Compiler 5.06 update 6 (build 750) Tool: armlink [4d35ed]

==============================================================================

Section Cross References

    startup_stm32f103xb.o(RESET) refers to startup_stm32f103xb.o(STACK) for __initial_sp
    startup_stm32f103xb.o(RESET) refers to startup_stm32f103xb.o(.text) for Reset_Handler
    startup_stm32f103xb.o(RESET) refers to stm32f1xx_it.o(i.NMI_Handler) for NMI_Handler
    startup_stm32f103xb.o(RESET) refers to stm32f1xx_it.o(i.HardFault_Handler) for HardFault_Handler
    startup_stm32f103xb.o(RESET) refers to stm32f1xx_it.o(i.MemManage_Handler) for MemManage_Handler
    startup_stm32f103xb.o(RESET) refers to stm32f1xx_it.o(i.BusFault_Handler) for BusFault_Handler
    startup_stm32f103xb.o(RESET) refers to stm32f1xx_it.o(i.UsageFault_Handler) for UsageFault_Handler
    startup_stm32f103xb.o(RESET) refers to stm32f1xx_it.o(i.SVC_Handler) for SVC_Handler
    startup_stm32f103xb.o(RESET) refers to stm32f1xx_it.o(i.DebugMon_Handler) for DebugMon_Handler
    startup_stm32f103xb.o(RESET) refers to stm32f1xx_it.o(i.PendSV_Handler) for PendSV_Handler
    startup_stm32f103xb.o(RESET) refers to stm32f1xx_it.o(i.SysTick_Handler) for SysTick_Handler
    startup_stm32f103xb.o(.text) refers to system_stm32f1xx.o(i.SystemInit) for SystemInit
    startup_stm32f103xb.o(.text) refers to entry.o(.ARM.Collect$$$$00000000) for __main
    my_nrf24.o(i.NRF24_ACTIVATE_cmd) refers to my_nrf24.o(i.NRF24_csn) for NRF24_csn
    my_nrf24.o(i.NRF24_ACTIVATE_cmd) refers to stm32f1xx_hal_spi.o(i.HAL_SPI_Transmit) for HAL_SPI_Transmit
    my_nrf24.o(i.NRF24_ACTIVATE_cmd) refers to my_nrf24.o(.bss) for .bss
    my_nrf24.o(i.NRF24_DelayMicroSeconds) refers to system_stm32f1xx.o(.data) for SystemCoreClock
    my_nrf24.o(i.NRF24_GetAckPayloadSize) refers to my_nrf24.o(.data) for .data
    my_nrf24.o(i.NRF24_available) refers to my_nrf24.o(i.NRF24_availablePipe) for NRF24_availablePipe
    my_nrf24.o(i.NRF24_availablePipe) refers to my_nrf24.o(i.NRF24_get_status) for NRF24_get_status
    my_nrf24.o(i.NRF24_availablePipe) refers to my_nrf24.o(i.NRF24_write_register) for NRF24_write_register
    my_nrf24.o(i.NRF24_begin) refers to memcpya.o(.text) for __aeabi_memcpy4
    my_nrf24.o(i.NRF24_begin) refers to my_nrf24.o(i.NRF24_csn) for NRF24_csn
    my_nrf24.o(i.NRF24_begin) refers to my_nrf24.o(i.NRF24_ce) for NRF24_ce
    my_nrf24.o(i.NRF24_begin) refers to stm32f1xx_hal.o(i.HAL_Delay) for HAL_Delay
    my_nrf24.o(i.NRF24_begin) refers to my_nrf24.o(i.NRF24_write_register) for NRF24_write_register
    my_nrf24.o(i.NRF24_begin) refers to my_nrf24.o(i.NRF24_write_registerN) for NRF24_write_registerN
    my_nrf24.o(i.NRF24_begin) refers to my_nrf24.o(i.NRF24_ACTIVATE_cmd) for NRF24_ACTIVATE_cmd
    my_nrf24.o(i.NRF24_begin) refers to my_nrf24.o(i.printRadioSettings) for printRadioSettings
    my_nrf24.o(i.NRF24_begin) refers to my_nrf24.o(i.NRF24_setRetries) for NRF24_setRetries
    my_nrf24.o(i.NRF24_begin) refers to my_nrf24.o(i.NRF24_setPALevel) for NRF24_setPALevel
    my_nrf24.o(i.NRF24_begin) refers to my_nrf24.o(i.NRF24_setDataRate) for NRF24_setDataRate
    my_nrf24.o(i.NRF24_begin) refers to my_nrf24.o(i.NRF24_setCRCLength) for NRF24_setCRCLength
    my_nrf24.o(i.NRF24_begin) refers to my_nrf24.o(i.NRF24_disableDynamicPayloads) for NRF24_disableDynamicPayloads
    my_nrf24.o(i.NRF24_begin) refers to my_nrf24.o(i.NRF24_setPayloadSize) for NRF24_setPayloadSize
    my_nrf24.o(i.NRF24_begin) refers to my_nrf24.o(i.NRF24_resetStatus) for NRF24_resetStatus
    my_nrf24.o(i.NRF24_begin) refers to my_nrf24.o(i.NRF24_setChannel) for NRF24_setChannel
    my_nrf24.o(i.NRF24_begin) refers to my_nrf24.o(i.NRF24_flush_tx) for NRF24_flush_tx
    my_nrf24.o(i.NRF24_begin) refers to my_nrf24.o(i.NRF24_flush_rx) for NRF24_flush_rx
    my_nrf24.o(i.NRF24_begin) refers to my_nrf24.o(i.NRF24_powerDown) for NRF24_powerDown
    my_nrf24.o(i.NRF24_begin) refers to my_nrf24.o(.bss) for .bss
    my_nrf24.o(i.NRF24_begin) refers to my_nrf24.o(.data) for .data
    my_nrf24.o(i.NRF24_ce) refers to stm32f1xx_hal_gpio.o(i.HAL_GPIO_WritePin) for HAL_GPIO_WritePin
    my_nrf24.o(i.NRF24_ce) refers to my_nrf24.o(.data) for .data
    my_nrf24.o(i.NRF24_csn) refers to stm32f1xx_hal_gpio.o(i.HAL_GPIO_WritePin) for HAL_GPIO_WritePin
    my_nrf24.o(i.NRF24_csn) refers to my_nrf24.o(.data) for .data
    my_nrf24.o(i.NRF24_disableCRC) refers to my_nrf24.o(i.NRF24_read_register) for NRF24_read_register
    my_nrf24.o(i.NRF24_disableCRC) refers to my_nrf24.o(i.NRF24_write_register) for NRF24_write_register
    my_nrf24.o(i.NRF24_disableDynamicPayloads) refers to my_nrf24.o(i.NRF24_read_register) for NRF24_read_register
    my_nrf24.o(i.NRF24_disableDynamicPayloads) refers to my_nrf24.o(i.NRF24_write_register) for NRF24_write_register
    my_nrf24.o(i.NRF24_disableDynamicPayloads) refers to my_nrf24.o(.data) for .data
[...]
    Removing stm32f1xx_hal_tim.o(i.HAL_TIM_IC_MspDeInit), (2 bytes).
    Removing stm32f1xx_hal_tim.o(i.HAL_TIM_IC_MspInit), (2 bytes).
    Removing stm32f1xx_hal_tim.o(i.HAL_TIM_IC_Start), (26 bytes).
    Removing stm32f1xx_hal_tim.o(i.HAL_TIM_IC_Start_DMA), (200 bytes).
    Removing stm32f1xx_hal_tim.o(i.HAL_TIM_IC_Start_IT), (76 bytes).
    Removing stm32f1xx_hal_tim.o(i.HAL_TIM_IC_Stop), (44 bytes).
    Removing stm32f1xx_hal_tim.o(i.HAL_TIM_IC_Stop_DMA), (100 bytes).
    Removing stm32f1xx_hal_tim.o(i.HAL_TIM_IC_Stop_IT), (94 bytes).
    Removing stm32f1xx_hal_tim.o(i.HAL_TIM_IRQHandler), (358 bytes).
    Removing stm32f1xx_hal_tim.o(i.HAL_TIM_OC_ConfigChannel), (86 bytes).
    Removing stm32f1xx_hal_tim.o(i.HAL_TIM_OC_DeInit), (56 bytes).
    Removing stm32f1xx_hal_tim.o(i.HAL_TIM_OC_DelayElapsedCallback), (2 bytes).
    Removing stm32f1xx_hal_tim.o(i.HAL_TIM_OC_GetState), (6 bytes).
    Removing stm32f1xx_hal_tim.o(i.HAL_TIM_OC_Init), (54 bytes).
    Removing stm32f1xx_hal_tim.o(i.HAL_TIM_OC_MspDeInit), (2 bytes).
    Removing stm32f1xx_hal_tim.o(i.HAL_TIM_OC_MspInit), (2 bytes).
    Removing stm32f1xx_hal_tim.o(i.HAL_TIM_OC_Start), (48 bytes).
    Removing stm32f1xx_hal_tim.o(i.HAL_TIM_OC_Start_DMA), (228 bytes).
    Removing stm32f1xx_hal_tim.o(i.HAL_TIM_OC_Start_IT), (96 bytes).
    Removing stm32f1xx_hal_tim.o(i.HAL_TIM_OC_Stop), (76 bytes).
    Removing stm32f1xx_hal_tim.o(i.HAL_TIM_OC_Stop_DMA), (132 bytes).
    Removing stm32f1xx_hal_tim.o(i.HAL_TIM_OC_Stop_IT), (128 bytes).
    Removing stm32f1xx_hal_tim.o(i.HAL_TIM_OnePulse_ConfigChannel), (218 bytes).
    Removing stm32f1xx_hal_tim.o(i.HAL_TIM_OnePulse_DeInit), (56 bytes).
    Removing stm32f1xx_hal_tim.o(i.HAL_TIM_OnePulse_GetState), (6 bytes).
    Removing stm32f1xx_hal_tim.o(i.HAL_TIM_OnePulse_Init), (74 bytes).
    Removing stm32f1xx_hal_tim.o(i.HAL_TIM_OnePulse_MspDeInit), (2 bytes).
    Removing stm32f1xx_hal_tim.o(i.HAL_TIM_OnePulse_MspInit), (2 bytes).
    Removing stm32f1xx_hal_tim.o(i.HAL_TIM_OnePulse_Start), (48 bytes).
    Removing stm32f1xx_hal_tim.o(i.HAL_TIM_OnePulse_Start_IT), (68 bytes).
    Removing stm32f1xx_hal_tim.o(i.HAL_TIM_OnePulse_Stop), (88 bytes).
    Removing stm32f1xx_hal_tim.o(i.HAL_TIM_OnePulse_Stop_IT), (108 bytes).
    Removing stm32f1xx_hal_tim.o(i.HAL_TIM_PWM_DeInit), (56 bytes).
    Removing stm32f1xx_hal_tim.o(i.HAL_TIM_PWM_GetState), (6 bytes).
    Removing stm32f1xx_hal_tim.o(i.HAL_TIM_PWM_MspDeInit), (2 bytes).
    Removing stm32f1xx_hal_tim.o(i.HAL_TIM_PWM_MspInit), (2 bytes).
    Removing stm32f1xx_hal_tim.o(i.HAL_TIM_PWM_PulseFinishedCallback), (2 bytes).
    Removing stm32f1xx_hal_tim.o(i.HAL_TIM_PWM_Start_DMA), (228 bytes).
    Removing stm32f1xx_hal_tim.o(i.HAL_TIM_PWM_Start_IT), (96 bytes).
    Removing stm32f1xx_hal_tim.o(i.HAL_TIM_PWM_Stop), (84 bytes).
    Removing stm32f1xx_hal_tim.o(i.HAL_TIM_PWM_Stop_DMA), (132 bytes).
    Removing stm32f1xx_hal_tim.o(i.HAL_TIM_PWM_Stop_IT), (128 bytes).
    Removing stm32f1xx_hal_tim.o(i.HAL_TIM_PeriodElapsedCallback), (2 bytes).
    Removing stm32f1xx_hal_tim.o(i.HAL_TIM_ReadCapturedValue), (68 bytes).
    Removing stm32f1xx_hal_tim.o(i.HAL_TIM_SlaveConfigSynchronization), (66 bytes).
    Removing stm32f1xx_hal_tim.o(i.HAL_TIM_SlaveConfigSynchronization_IT), (66 bytes).
    Removing stm32f1xx_hal_tim.o(i.HAL_TIM_TriggerCallback), (2 bytes).
    Removing stm32f1xx_hal_tim.o(i.TIM_DMACaptureCplt), (62 bytes).
    Removing stm32f1xx_hal_tim.o(i.TIM_DMADelayPulseCplt), (62 bytes).
    Removing stm32f1xx_hal_tim.o(i.TIM_DMAError), (16 bytes).
    Removing stm32f1xx_hal_tim.o(i.TIM_DMAPeriodElapsedCplt), (16 bytes).
    Removing stm32f1xx_hal_tim.o(i.TIM_DMATriggerCplt), (16 bytes).
    Removing stm32f1xx_hal_tim.o(i.TIM_ETR_SetConfig), (20 bytes).
    Removing stm32f1xx_hal_tim.o(i.TIM_ITRx_SetConfig), (16 bytes).
    Removing stm32f1xx_hal_tim.o(i.TIM_SlaveTimer_SetConfig), (124 bytes).
    Removing stm32f1xx_hal_tim.o(i.TIM_TI1_ConfigInputStage), (34 bytes).
    Removing stm32f1xx_hal_tim.o(i.TIM_TI1_SetConfig), (88 bytes).
    Removing stm32f1xx_hal_tim.o(i.TIM_TI2_ConfigInputStage), (36 bytes).
    Removing stm32f1xx_hal_tim.o(i.TIM_TI2_SetConfig), (54 bytes).
    Removing stm32f1xx_hal_tim_ex.o(.rev16_text), (4 bytes).
    Removing stm32f1xx_hal_tim_ex.o(.revsh_text), (4 bytes).
    Removing stm32f1xx_hal_tim_ex.o(.rrx_text), (6 bytes).
    Removing stm32f1xx_hal_tim_ex.o(i.HAL_TIMEx_BreakCallback), (2 bytes).
    Removing stm32f1xx_hal_tim_ex.o(i.HAL_TIMEx_CommutationCallback), (2 bytes).
    Removing stm32f1xx_hal_tim_ex.o(i.HAL_TIMEx_ConfigCommutationEvent), (92 bytes).
    Removing stm32f1xx_hal_tim_ex.o(i.HAL_TIMEx_ConfigCommutationEvent_DMA), (124 bytes).
    Removing stm32f1xx_hal_tim_ex.o(i.HAL_TIMEx_ConfigCommutationEvent_IT), (102 bytes).
    Removing stm32f1xx_hal_tim_ex.o(i.HAL_TIMEx_HallSensor_DeInit), (56 bytes).
    Removing stm32f1xx_hal_tim_ex.o(i.HAL_TIMEx_HallSensor_GetState), (6 bytes).
    Removing stm32f1xx_hal_tim_ex.o(i.HAL_TIMEx_HallSensor_Init), (188 bytes).
    Removing stm32f1xx_hal_tim_ex.o(i.HAL_TIMEx_HallSensor_MspDeInit), (2 bytes).
    Removing stm32f1xx_hal_tim_ex.o(i.HAL_TIMEx_HallSensor_MspInit), (2 bytes).
    Removing stm32f1xx_hal_tim_ex.o(i.HAL_TIMEx_HallSensor_Start), (28 bytes).
    Removing stm32f1xx_hal_tim_ex.o(i.HAL_TIMEx_HallSensor_Start_DMA), (104 bytes).
    Removing stm32f1xx_hal_tim_ex.o(i.HAL_TIMEx_HallSensor_Start_IT), (38 bytes).
    Removing stm32f1xx_hal_tim_ex.o(i.HAL_TIMEx_HallSensor_Stop), (46 bytes).
    Removing stm32f1xx_hal_tim_ex.o(i.HAL_TIMEx_HallSensor_Stop_DMA), (56 bytes).
    Removing stm32f1xx_hal_tim_ex.o(i.HAL_TIMEx_HallSensor_Stop_IT), (56 bytes).
    Removing stm32f1xx_hal_tim_ex.o(i.HAL_TIMEx_OCN_Start), (36 bytes).
    Removing stm32f1xx_hal_tim_ex.o(i.HAL_TIMEx_OCN_Start_DMA), (184 bytes).
    Removing stm32f1xx_hal_tim_ex.o(i.HAL_TIMEx_OCN_Start_IT), (84 bytes).
    Removing stm32f1xx_hal_tim_ex.o(i.HAL_TIMEx_OCN_Stop), (68 bytes).
    Removing stm32f1xx_hal_tim_ex.o(i.HAL_TIMEx_OCN_Stop_DMA), (112 bytes).
    Removing stm32f1xx_hal_tim_ex.o(i.HAL_TIMEx_OCN_Stop_IT), (122 bytes).
    Removing stm32f1xx_hal_tim_ex.o(i.HAL_TIMEx_OnePulseN_Start), (26 bytes).
    Removing stm32f1xx_hal_tim_ex.o(i.HAL_TIMEx_OnePulseN_Start_IT), (46 bytes).
    Removing stm32f1xx_hal_tim_ex.o(i.HAL_TIMEx_OnePulseN_Stop), (68 bytes).
    Removing stm32f1xx_hal_tim_ex.o(i.HAL_TIMEx_OnePulseN_Stop_IT), (88 bytes).
    Removing stm32f1xx_hal_tim_ex.o(i.HAL_TIMEx_PWMN_Start), (36 bytes).
    Removing stm32f1xx_hal_tim_ex.o(i.HAL_TIMEx_PWMN_Start_DMA), (184 bytes).
    Removing stm32f1xx_hal_tim_ex.o(i.HAL_TIMEx_PWMN_Start_IT), (84 bytes).
    Removing stm32f1xx_hal_tim_ex.o(i.HAL_TIMEx_PWMN_Stop), (68 bytes).
    Removing stm32f1xx_hal_tim_ex.o(i.HAL_TIMEx_PWMN_Stop_DMA), (112 bytes).
    Removing stm32f1xx_hal_tim_ex.o(i.HAL_TIMEx_PWMN_Stop_IT), (122 bytes).
    Removing stm32f1xx_hal_tim_ex.o(i.TIMEx_DMACommutationCplt), (16 bytes).
    Removing stm32f1xx_hal_tim_ex.o(i.TIM_CCxNChannelCmd), (22 bytes).
    Removing stm32f1xx_hal_uart.o(.rev16_text), (4 bytes).
    Removing stm32f1xx_hal_uart.o(.revsh_text), (4 bytes).
    Removing stm32f1xx_hal_uart.o(.rrx_text), (6 bytes).
    Removing stm32f1xx_hal_uart.o(i.HAL_HalfDuplex_EnableReceiver), (50 bytes).
    Removing stm32f1xx_hal_uart.o(i.HAL_HalfDuplex_EnableTransmitter), (50 bytes).
    Removing stm32f1xx_hal_uart.o(i.HAL_HalfDuplex_Init), (108 bytes).
    Removing stm32f1xx_hal_uart.o(i.HAL_LIN_Init), (122 bytes).
    Removing stm32f1xx_hal_uart.o(i.HAL_LIN_SendBreak), (46 bytes).
    Removing stm32f1xx_hal_uart.o(i.HAL_MultiProcessor_EnterMuteMode), (46 bytes).
    Removing stm32f1xx_hal_uart.o(i.HAL_MultiProcessor_ExitMuteMode), (46 bytes).
    Removing stm32f1xx_hal_uart.o(i.HAL_MultiProcessor_Init), (130 bytes).
    Removing stm32f1xx_hal_uart.o(i.HAL_UART_Abort), (104 bytes).
    Removing stm32f1xx_hal_uart.o(i.HAL_UART_AbortCpltCallback), (2 bytes).
    Removing stm32f1xx_hal_uart.o(i.HAL_UART_AbortReceive), (68 bytes).
    Removing stm32f1xx_hal_uart.o(i.HAL_UART_AbortReceiveCpltCallback), (2 bytes).
    Removing stm32f1xx_hal_uart.o(i.HAL_UART_AbortReceive_IT), (92 bytes).
    Removing stm32f1xx_hal_uart.o(i.HAL_UART_AbortTransmit), (58 bytes).
    Removing stm32f1xx_hal_uart.o(i.HAL_UART_AbortTransmitCpltCallback), (2 bytes).
    Removing stm32f1xx_hal_uart.o(i.HAL_UART_AbortTransmit_IT), (84 bytes).
    Removing stm32f1xx_hal_uart.o(i.HAL_UART_Abort_IT), (172 bytes).
    Removing stm32f1xx_hal_uart.o(i.HAL_UART_DMAPause), (102 bytes).
    Removing stm32f1xx_hal_uart.o(i.HAL_UART_DMAResume), (94 bytes).
    Removing stm32f1xx_hal_uart.o(i.HAL_UART_DMAStop), (88 bytes).
    Removing stm32f1xx_hal_uart.o(i.HAL_UART_DeInit), (40 bytes).
    Removing stm32f1xx_hal_uart.o(i.HAL_UART_ErrorCallback), (2 bytes).
    Removing stm32f1xx_hal_uart.o(i.HAL_UART_GetError), (4 bytes).
    Removing stm32f1xx_hal_uart.o(i.HAL_UART_GetState), (10 bytes).
    Removing stm32f1xx_hal_uart.o(i.HAL_UART_IRQHandler), (272 bytes).
    Removing stm32f1xx_hal_uart.o(i.HAL_UART_MspDeInit), (2 bytes).
    Removing stm32f1xx_hal_uart.o(i.HAL_UART_MspInit), (2 bytes).
    Removing stm32f1xx_hal_uart.o(i.HAL_UART_Receive), (184 bytes).
    Removing stm32f1xx_hal_uart.o(i.HAL_UART_Receive_DMA), (152 bytes).
    Removing stm32f1xx_hal_uart.o(i.HAL_UART_Receive_IT), (82 bytes).
    Removing stm32f1xx_hal_uart.o(i.HAL_UART_RxCpltCallback), (2 bytes).
    Removing stm32f1xx_hal_uart.o(i.HAL_UART_RxHalfCpltCallback), (2 bytes).
    Removing stm32f1xx_hal_uart.o(i.HAL_UART_Transmit_DMA), (128 bytes).
    Removing stm32f1xx_hal_uart.o(i.HAL_UART_Transmit_IT), (62 bytes).
    Removing stm32f1xx_hal_uart.o(i.HAL_UART_TxCpltCallback), (2 bytes).
    Removing stm32f1xx_hal_uart.o(i.HAL_UART_TxHalfCpltCallback), (2 bytes).
    Removing stm32f1xx_hal_uart.o(i.UART_DMAAbortOnError), (16 bytes).
    Removing stm32f1xx_hal_uart.o(i.UART_DMAError), (74 bytes).
    Removing stm32f1xx_hal_uart.o(i.UART_DMAReceiveCplt), (60 bytes).
    Removing stm32f1xx_hal_uart.o(i.UART_DMARxAbortCallback), (42 bytes).
    Removing stm32f1xx_hal_uart.o(i.UART_DMARxHalfCplt), (10 bytes).
    Removing stm32f1xx_hal_uart.o(i.UART_DMARxOnlyAbortCallback), (20 bytes).
    Removing stm32f1xx_hal_uart.o(i.UART_DMATransmitCplt), (46 bytes).
    Removing stm32f1xx_hal_uart.o(i.UART_DMATxAbortCallback), (42 bytes).
    Removing stm32f1xx_hal_uart.o(i.UART_DMATxHalfCplt), (10 bytes).
    Removing stm32f1xx_hal_uart.o(i.UART_DMATxOnlyAbortCallback), (20 bytes).
    Removing stm32f1xx_hal_uart.o(i.UART_EndRxTransfer), (28 bytes).
    Removing stm32f1xx_hal_uart.o(i.UART_EndTxTransfer), (18 bytes).
    Removing stm32f1xx_hal_uart.o(i.UART_Receive_IT), (150 bytes).
    Removing stm32f1xx_hal_uart.o(i.UART_Transmit_IT), (98 bytes).
    Removing stm32f1xx_hal.o(.rev16_text), (4 bytes).
    Removing stm32f1xx_hal.o(.revsh_text), (4 bytes).
    Removing stm32f1xx_hal.o(.rrx_text), (6 bytes).
    Removing stm32f1xx_hal.o(i.HAL_DBGMCU_DisableDBGSleepMode), (16 bytes).
    Removing stm32f1xx_hal.o(i.HAL_DBGMCU_DisableDBGStandbyMode), (16 bytes).
    Removing stm32f1xx_hal.o(i.HAL_DBGMCU_DisableDBGStopMode), (16 bytes).
    Removing stm32f1xx_hal.o(i.HAL_DBGMCU_EnableDBGSleepMode), (16 bytes).
    Removing stm32f1xx_hal.o(i.HAL_DBGMCU_EnableDBGStandbyMode), (16 bytes).
    Removing stm32f1xx_hal.o(i.HAL_DBGMCU_EnableDBGStopMode), (16 bytes).
    Removing stm32f1xx_hal.o(i.HAL_DeInit), (32 bytes).
    Removing stm32f1xx_hal.o(i.HAL_GetDEVID), (16 bytes).
    Removing stm32f1xx_hal.o(i.HAL_GetHalVersion), (8 bytes).
    Removing stm32f1xx_hal.o(i.HAL_GetREVID), (12 bytes).
    Removing stm32f1xx_hal.o(i.HAL_GetTickFreq), (12 bytes).
    Removing stm32f1xx_hal.o(i.HAL_GetTickPrio), (12 bytes).
    Removing stm32f1xx_hal.o(i.HAL_GetUID), (28 bytes).
    Removing stm32f1xx_hal.o(i.HAL_MspDeInit), (2 bytes).
    Removing stm32f1xx_hal.o(i.HAL_MspInit), (2 bytes).
    Removing stm32f1xx_hal.o(i.HAL_ResumeTick), (14 bytes).
    Removing stm32f1xx_hal.o(i.HAL_SetTickFreq), (28 bytes).
    Removing stm32f1xx_hal.o(i.HAL_SuspendTick), (14 bytes).
    Removing stm32f1xx_hal_rcc.o(.rev16_text), (4 bytes).
    Removing stm32f1xx_hal_rcc.o(.revsh_text), (4 bytes).
    Removing stm32f1xx_hal_rcc.o(.rrx_text), (6 bytes).
    Removing stm32f1xx_hal_rcc.o(i.HAL_RCC_CSSCallback), (2 bytes).
    Removing stm32f1xx_hal_rcc.o(i.HAL_RCC_DeInit), (216 bytes).
    Removing stm32f1xx_hal_rcc.o(i.HAL_RCC_DisableCSS), (12 bytes).
    Removing stm32f1xx_hal_rcc.o(i.HAL_RCC_EnableCSS), (12 bytes).
    Removing stm32f1xx_hal_rcc.o(i.HAL_RCC_GetClockConfig), (64 bytes).
    Removing stm32f1xx_hal_rcc.o(i.HAL_RCC_GetHCLKFreq), (12 bytes).
    Removing stm32f1xx_hal_rcc.o(i.HAL_RCC_GetOscConfig), (144 bytes).
    Removing stm32f1xx_hal_rcc.o(i.HAL_RCC_MCOConfig), (72 bytes).
    Removing stm32f1xx_hal_rcc.o(i.HAL_RCC_NMI_IRQHandler), (24 bytes).
    Removing stm32f1xx_hal_rcc_ex.o(.rev16_text), (4 bytes).
    Removing stm32f1xx_hal_rcc_ex.o(.revsh_text), (4 bytes).
    Removing stm32f1xx_hal_rcc_ex.o(.rrx_text), (6 bytes).
    Removing stm32f1xx_hal_rcc_ex.o(i.HAL_RCCEx_GetPeriphCLKConfig), (44 bytes).
    Removing stm32f1xx_hal_rcc_ex.o(i.HAL_RCCEx_GetPeriphCLKFreq), (200 bytes).
    Removing stm32f1xx_hal_rcc_ex.o(i.HAL_RCCEx_PeriphCLKConfig), (236 bytes).
    Removing stm32f1xx_hal_gpio.o(.rev16_text), (4 bytes).
    Removing stm32f1xx_hal_gpio.o(.revsh_text), (4 bytes).
    Removing stm32f1xx_hal_gpio.o(.rrx_text), (6 bytes).
    Removing stm32f1xx_hal_gpio.o(i.HAL_GPIO_DeInit), (228 bytes).
    Removing stm32f1xx_hal_gpio.o(i.HAL_GPIO_EXTI_Callback), (2 bytes).
    Removing stm32f1xx_hal_gpio.o(i.HAL_GPIO_EXTI_IRQHandler), (24 bytes).
    Removing stm32f1xx_hal_gpio.o(i.HAL_GPIO_LockPin), (34 bytes).
    Removing stm32f1xx_hal_gpio.o(i.HAL_GPIO_ReadPin), (10 bytes).
    Removing stm32f1xx_hal_gpio.o(i.HAL_GPIO_TogglePin), (8 bytes).
    Removing stm32f1xx_hal_dma.o(.rev16_text), (4 bytes).
    Removing stm32f1xx_hal_dma.o(.revsh_text), (4 bytes).
    Removing stm32f1xx_hal_dma.o(.rrx_text), (6 bytes).
    Removing stm32f1xx_hal_dma.o(i.DMA_SetConfig), (42 bytes).
    Removing stm32f1xx_hal_dma.o(i.HAL_DMA_Abort), (48 bytes).
    Removing stm32f1xx_hal_dma.o(i.HAL_DMA_Abort_IT), (152 bytes).
    Removing stm32f1xx_hal_dma.o(i.HAL_DMA_DeInit), (92 bytes).
    Removing stm32f1xx_hal_dma.o(i.HAL_DMA_GetError), (4 bytes).
    Removing stm32f1xx_hal_dma.o(i.HAL_DMA_GetState), (6 bytes).
    Removing stm32f1xx_hal_dma.o(i.HAL_DMA_IRQHandler), (340 bytes).
    Removing stm32f1xx_hal_dma.o(i.HAL_DMA_Init), (92 bytes).
    Removing stm32f1xx_hal_dma.o(i.HAL_DMA_PollForTransfer), (532 bytes).
    Removing stm32f1xx_hal_dma.o(i.HAL_DMA_RegisterCallback), (74 bytes).
    Removing stm32f1xx_hal_dma.o(i.HAL_DMA_Start), (80 bytes).
    Removing stm32f1xx_hal_dma.o(i.HAL_DMA_Start_IT), (112 bytes).
    Removing stm32f1xx_hal_dma.o(i.HAL_DMA_UnRegisterCallback), (82 bytes).
    Removing stm32f1xx_hal_cortex.o(.rev16_text), (4 bytes).
    Removing stm32f1xx_hal_cortex.o(.revsh_text), (4 bytes).
    Removing stm32f1xx_hal_cortex.o(.rrx_text), (6 bytes).
    Removing stm32f1xx_hal_cortex.o(i.HAL_NVIC_ClearPendingIRQ), (22 bytes).
    Removing stm32f1xx_hal_cortex.o(i.HAL_NVIC_DisableIRQ), (22 bytes).
    Removing stm32f1xx_hal_cortex.o(i.HAL_NVIC_EnableIRQ), (22 bytes).
    Removing stm32f1xx_hal_cortex.o(i.HAL_NVIC_GetActive), (32 bytes).
    Removing stm32f1xx_hal_cortex.o(i.HAL_NVIC_GetPendingIRQ), (32 bytes).
    Removing stm32f1xx_hal_cortex.o(i.HAL_NVIC_GetPriority), (82 bytes).
    Removing stm32f1xx_hal_cortex.o(i.HAL_NVIC_GetPriorityGrouping), (16 bytes).
    Removing stm32f1xx_hal_cortex.o(i.HAL_NVIC_SetPendingIRQ), (22 bytes).
    Removing stm32f1xx_hal_cortex.o(i.HAL_NVIC_SystemReset), (36 bytes).
    Removing stm32f1xx_hal_cortex.o(i.HAL_SYSTICK_CLKSourceConfig), (24 bytes).
    Removing stm32f1xx_hal_cortex.o(i.HAL_SYSTICK_Callback), (2 bytes).
    Removing stm32f1xx_hal_cortex.o(i.HAL_SYSTICK_IRQHandler), (8 bytes).
    Removing stm32f1xx_hal_pwr.o(.rev16_text), (4 bytes).
    Removing stm32f1xx_hal_pwr.o(.revsh_text), (4 bytes).
    Removing stm32f1xx_hal_pwr.o(.rrx_text), (6 bytes).
    Removing stm32f1xx_hal_pwr.o(i.HAL_PWR_ConfigPVD), (124 bytes).
    Removing stm32f1xx_hal_pwr.o(i.HAL_PWR_DeInit), (24 bytes).
    Removing stm32f1xx_hal_pwr.o(i.HAL_PWR_DisableBkUpAccess), (12 bytes).
    Removing stm32f1xx_hal_pwr.o(i.HAL_PWR_DisablePVD), (12 bytes).
    Removing stm32f1xx_hal_pwr.o(i.HAL_PWR_DisableSEVOnPend), (16 bytes).
    Removing stm32f1xx_hal_pwr.o(i.HAL_PWR_DisableSleepOnExit), (16 bytes).
    Removing stm32f1xx_hal_pwr.o(i.HAL_PWR_DisableWakeUpPin), (28 bytes).
    Removing stm32f1xx_hal_pwr.o(i.HAL_PWR_EnableBkUpAccess), (12 bytes).
    Removing stm32f1xx_hal_pwr.o(i.HAL_PWR_EnablePVD), (12 bytes).
    Removing stm32f1xx_hal_pwr.o(i.HAL_PWR_EnableSEVOnPend), (16 bytes).
    Removing stm32f1xx_hal_pwr.o(i.HAL_PWR_EnableSleepOnExit), (16 bytes).
    Removing stm32f1xx_hal_pwr.o(i.HAL_PWR_EnableWakeUpPin), (28 bytes).
    Removing stm32f1xx_hal_pwr.o(i.HAL_PWR_EnterSLEEPMode), (32 bytes).
    Removing stm32f1xx_hal_pwr.o(i.HAL_PWR_EnterSTANDBYMode), (32 bytes).
    Removing stm32f1xx_hal_pwr.o(i.HAL_PWR_EnterSTOPMode), (68 bytes).
    Removing stm32f1xx_hal_pwr.o(i.HAL_PWR_PVDCallback), (2 bytes).
    Removing stm32f1xx_hal_pwr.o(i.HAL_PWR_PVD_IRQHandler), (28 bytes).
    Removing stm32f1xx_hal_pwr.o(i.PWR_OverloadWfe), (6 bytes).
    Removing stm32f1xx_hal_flash.o(.rev16_text), (4 bytes).
    Removing stm32f1xx_hal_flash.o(.revsh_text), (4 bytes).
    Removing stm32f1xx_hal_flash.o(.rrx_text), (6 bytes).
    Removing stm32f1xx_hal_flash.o(i.FLASH_Program_HalfWord), (28 bytes).
    Removing stm32f1xx_hal_flash.o(i.FLASH_SetErrorCode), (92 bytes).
    Removing stm32f1xx_hal_flash.o(i.FLASH_WaitForLastOperation), (84 bytes).
    Removing stm32f1xx_hal_flash.o(i.HAL_FLASH_EndOfOperationCallback), (2 bytes).
    Removing stm32f1xx_hal_flash.o(i.HAL_FLASH_GetError), (12 bytes).
    Removing stm32f1xx_hal_flash.o(i.HAL_FLASH_IRQHandler), (264 bytes).
    Removing stm32f1xx_hal_flash.o(i.HAL_FLASH_Lock), (20 bytes).
    Removing stm32f1xx_hal_flash.o(i.HAL_FLASH_OB_Launch), (4 bytes).
    Removing stm32f1xx_hal_flash.o(i.HAL_FLASH_OB_Lock), (20 bytes).
    Removing stm32f1xx_hal_flash.o(i.HAL_FLASH_OB_Unlock), (36 bytes).
    Removing stm32f1xx_hal_flash.o(i.HAL_FLASH_OperationErrorCallback), (2 bytes).
    Removing stm32f1xx_hal_flash.o(i.HAL_FLASH_Program), (128 bytes).
    Removing stm32f1xx_hal_flash.o(i.HAL_FLASH_Program_IT), (100 bytes).
    Removing stm32f1xx_hal_flash.o(i.HAL_FLASH_Unlock), (40 bytes).
    Removing stm32f1xx_hal_flash.o(.bss), (32 bytes).
    Removing stm32f1xx_hal_flash_ex.o(.rev16_text), (4 bytes).
    Removing stm32f1xx_hal_flash_ex.o(.revsh_text), (4 bytes).
    Removing stm32f1xx_hal_flash_ex.o(.rrx_text), (6 bytes).
    Removing stm32f1xx_hal_flash_ex.o(i.FLASH_MassErase), (36 bytes).
    Removing stm32f1xx_hal_flash_ex.o(i.FLASH_OB_DisableWRP), (176 bytes).
    Removing stm32f1xx_hal_flash_ex.o(i.FLASH_OB_EnableWRP), (176 bytes).
    Removing stm32f1xx_hal_flash_ex.o(i.FLASH_OB_GetRDP), (24 bytes).
    Removing stm32f1xx_hal_flash_ex.o(i.FLASH_OB_RDP_LevelConfig), (100 bytes).
    Removing stm32f1xx_hal_flash_ex.o(i.FLASH_PageErase), (36 bytes).
    Removing stm32f1xx_hal_flash_ex.o(i.HAL_FLASHEx_Erase), (168 bytes).
    Removing stm32f1xx_hal_flash_ex.o(i.HAL_FLASHEx_Erase_IT), (84 bytes).
    Removing stm32f1xx_hal_flash_ex.o(i.HAL_FLASHEx_OBErase), (84 bytes).
    Removing stm32f1xx_hal_flash_ex.o(i.HAL_FLASHEx_OBGetConfig), (36 bytes).
    Removing stm32f1xx_hal_flash_ex.o(i.HAL_FLASHEx_OBGetUserData), (32 bytes).
    Removing stm32f1xx_hal_flash_ex.o(i.HAL_FLASHEx_OBProgram), (200 bytes).
    Removing system_stm32f1xx.o(.rev16_text), (4 bytes).
    Removing system_stm32f1xx.o(.revsh_text), (4 bytes).
    Removing system_stm32f1xx.o(.rrx_text), (6 bytes).
    Removing system_stm32f1xx.o(i.SystemCoreClockUpdate), (104 bytes).
    Removing dadd.o(.text), (334 bytes).
    Removing dmul.o(.text), (228 bytes).
    Removing ddiv.o(.text), (222 bytes).
    Removing dfixul.o(.text), (48 bytes).
    Removing cdrcmple.o(.text), (48 bytes).
    Removing depilogue.o(.text), (186 bytes).

437 unused section(s) (total 25250 bytes) removed from the image.

==============================================================================

Image Symbol Table

    Local Symbols

    Symbol Name                              Value     Ov Type        Size  Object(Section)

    ../Drivers/STM32F1xx_HAL_Driver/Src/stm32f1xx_hal.c 0x00000000   Number         0  stm32f1xx_hal.o ABSOLUTE
    ../Drivers/STM32F1xx_HAL_Driver/Src/stm32f1xx_hal_cortex.c 0x00000000   Number         0  stm32f1xx_hal_cortex.o ABSOLUTE
    ../Drivers/STM32F1xx_HAL_Driver/Src/stm32f1xx_hal_dma.c 0x00000000   Number         0  stm32f1xx_hal_dma.o ABSOLUTE
    ../Drivers/STM32F1xx_HAL_Driver/Src/stm32f1xx_hal_flash.c 0x00000000   Number         0  stm32f1xx_hal_flash.o ABSOLUTE
    ../Drivers/STM32F1xx_HAL_Driver/Src/stm32f1xx_hal_flash_ex.c 0x00000000   Number         0  stm32f1xx_hal_flash_ex.o ABSOLUTE
    ../Drivers/STM32F1xx_HAL_Driver/Src/stm32f1xx_hal_gpio.c 0x00000000   Number         0  stm32f1xx_hal_gpio.o ABSOLUTE
    ../Drivers/STM32F1xx_HAL_Driver/Src/stm32f1xx_hal_gpio_ex.c 0x00000000   Number         0  stm32f1xx_hal_gpio_ex.o ABSOLUTE
    ../Drivers/STM32F1xx_HAL_Driver/Src/stm32f1xx_hal_pwr.c 0x00000000   Number         0  stm32f1xx_hal_pwr.o ABSOLUTE
    ../Drivers/STM32F1xx_HAL_Driver/Src/stm32f1xx_hal_rcc.c 0x00000000   Number         0  stm32f1xx_hal_rcc.o ABSOLUTE
    ../Drivers/STM32F1xx_HAL_Driver/Src/stm32f1xx_hal_rcc_ex.c 0x00000000   Number         0  stm32f1xx_hal_rcc_ex.o ABSOLUTE
    ../Drivers/STM32F1xx_HAL_Driver/Src/stm32f1xx_hal_spi.c 0x00000000   Number         0  stm32f1xx_hal_spi.o ABSOLUTE
    ../Drivers/STM32F1xx_HAL_Driver/Src/stm32f1xx_hal_spi_ex.c 0x00000000   Number         0  stm32f1xx_hal_spi_ex.o ABSOLUTE
    ../Drivers/STM32F1xx_HAL_Driver/Src/stm32f1xx_hal_tim.c 0x00000000   Number         0  stm32f1xx_hal_tim.o ABSOLUTE
    ../Drivers/STM32F1xx_HAL_Driver/Src/stm32f1xx_hal_tim_ex.c 0x00000000   Number         0  stm32f1xx_hal_tim_ex.o ABSOLUTE
    ../Drivers/STM32F1xx_HAL_Driver/Src/stm32f1xx_hal_uart.c 0x00000000   Number         0  stm32f1xx_hal_uart.o ABSOLUTE
    ../Src/main.c                            0x00000000   Number         0  main.o ABSOLUTE
    ../Src/stm32f1xx_hal_msp.c               0x00000000   Number         0  stm32f1xx_hal_msp.o ABSOLUTE
    ../Src/stm32f1xx_it.c                    0x00000000   Number         0  stm32f1xx_it.o ABSOLUTE
    ../Src/system_stm32f1xx.c                0x00000000   Number         0  system_stm32f1xx.o ABSOLUTE
    ../clib/microlib/ctype/ctype.c           0x00000000   Number         0  isalpha_o.o ABSOLUTE
    ../clib/microlib/ctype/ctype.c           0x00000000   Number         0  isalnum_o.o ABSOLUTE
    ../clib/microlib/ctype/ctype.c           0x00000000   Number         0  ctype_o.o ABSOLUTE
    ../clib/microlib/ctype/ctype.c           0x00000000   Number         0  isxdigit_o.o ABSOLUTE
    ../clib/microlib/ctype/ctype.c           0x00000000   Number         0  isspace_o.o ABSOLUTE
    ../clib/microlib/ctype/ctype.c           0x00000000   Number         0  ispunct_o.o ABSOLUTE
    ../clib/microlib/ctype/ctype.c           0x00000000   Number         0  isprint_o.o ABSOLUTE
    ../clib/microlib/ctype/ctype.c           0x00000000   Number         0  islower_o.o ABSOLUTE
    ../clib/microlib/ctype/ctype.c           0x00000000   Number         0  isgraph_o.o ABSOLUTE
    ../clib/microlib/ctype/ctype.c           0x00000000   Number         0  isdigit_o.o ABSOLUTE
    ../clib/microlib/ctype/ctype.c           0x00000000   Number         0  iscntrl_o.o ABSOLUTE
    ../clib/microlib/ctype/ctype.c           0x00000000   Number         0  isblank_o.o ABSOLUTE
    ../clib/microlib/ctype/ctype.c           0x00000000   Number         0  isupper_o.o ABSOLUTE
    ../clib/microlib/division.c              0x00000000   Number         0  uidiv.o ABSOLUTE
    ../clib/microlib/division.c              0x00000000   Number         0  uldiv.o ABSOLUTE
    ../clib/microlib/errno.c                 0x00000000   Number         0  errno.o ABSOLUTE
    ../clib/microlib/init/entry.s            0x00000000   Number         0  entry9a.o ABSOLUTE
    ../clib/microlib/init/entry.s            0x00000000   Number         0  entry7a.o ABSOLUTE
    ../clib/microlib/init/entry.s            0x00000000   Number         0  entry8a.o ABSOLUTE
    ../clib/microlib/init/entry.s            0x00000000   Number         0  entry11a.o ABSOLUTE
    ../clib/microlib/init/entry.s            0x00000000   Number         0  entry.o ABSOLUTE
    ../clib/microlib/init/entry.s            0x00000000   Number         0  entry5.o ABSOLUTE
    ../clib/microlib/init/entry.s            0x00000000   Number         0  entry11b.o ABSOLUTE
    ../clib/microlib/init/entry.s            0x00000000   Number         0  entry2.o ABSOLUTE
    ../clib/microlib/init/entry.s            0x00000000   Number         0  entry10a.o ABSOLUTE
    ../clib/microlib/init/entry.s            0x00000000   Number         0  entry8b.o ABSOLUTE
    ../clib/microlib/init/entry.s            0x00000000   Number         0  entry10b.o ABSOLUTE
    ../clib/microlib/init/entry.s            0x00000000   Number         0  entry9b.o ABSOLUTE
    ../clib/microlib/init/entry.s            0x00000000   Number         0  entry7b.o ABSOLUTE
    ../clib/microlib/longlong.c              0x00000000   Number         0  llushr.o ABSOLUTE
    ../clib/microlib/longlong.c              0x00000000   Number         0  llshl.o ABSOLUTE
    ../clib/microlib/longlong.c              0x00000000   Number         0  llsshr.o ABSOLUTE
    ../clib/microlib/printf/printf.c         0x00000000   Number         0  printfb.o ABSOLUTE
    ../clib/microlib/printf/printf.c         0x00000000   Number         0  printf0.o ABSOLUTE
    ../clib/microlib/printf/printf.c         0x00000000   Number         0  printf1.o ABSOLUTE
    ../clib/microlib/printf/printf.c         0x00000000   Number         0  printf2.o ABSOLUTE
    ../clib/microlib/printf/printf.c         0x00000000   Number         0  printfa.o ABSOLUTE
    ../clib/microlib/printf/printf.c         0x00000000   Number         0  printf8.o ABSOLUTE
    ../clib/microlib/printf/printf.c         0x00000000   Number         0  printf7.o ABSOLUTE
    ../clib/microlib/printf/printf.c         0x00000000   Number         0  printf3.o ABSOLUTE
    ../clib/microlib/printf/printf.c         0x00000000   Number         0  printf4.o ABSOLUTE
    ../clib/microlib/printf/printf.c         0x00000000   Number         0  printf5.o ABSOLUTE
    ../clib/microlib/printf/printf.c         0x00000000   Number         0  printf6.o ABSOLUTE
    ../clib/microlib/printf/stubs.s          0x00000000   Number         0  stubs.o ABSOLUTE
    ../clib/microlib/stdio/fputc.c           0x00000000   Number         0  fputc.o ABSOLUTE
    ../clib/microlib/stdio/semi.s            0x00000000   Number         0  semi.o ABSOLUTE
    ../clib/microlib/stdio/streams.c         0x00000000   Number         0  stdout.o ABSOLUTE
    ../clib/microlib/string/memcpy.c         0x00000000   Number         0  memcpyb.o ABSOLUTE
    ../clib/microlib/string/memcpy.c         0x00000000   Number         0  memcpya.o ABSOLUTE
    ../clib/microlib/string/memset.c         0x00000000   Number         0  memseta.o ABSOLUTE
    ../clib/microlib/string/strlen.c         0x00000000   Number         0  strlen.o ABSOLUTE
    ../clib/microlib/stubs.s                 0x00000000   Number         0  iusefp.o ABSOLUTE
    ../clib/microlib/stubs.s                 0x00000000   Number         0  iusesemip.o ABSOLUTE
    ../clib/scanf.c                          0x00000000   Number         0  _chval.o ABSOLUTE
    ../clib/scanf.c                          0x00000000   Number         0  atoi.o ABSOLUTE
    ../clib/scanf.c                          0x00000000   Number         0  _strtoul.o ABSOLUTE
    ../clib/scanf.c                          0x00000000   Number         0  strtol.o ABSOLUTE
    ../fplib/microlib/fpadd.c                0x00000000   Number         0  dadd.o ABSOLUTE
    ../fplib/microlib/fpdiv.c                0x00000000   Number         0  ddiv.o ABSOLUTE
    ../fplib/microlib/fpepilogue.c           0x00000000   Number         0  depilogue.o ABSOLUTE
    ../fplib/microlib/fpfix.c                0x00000000   Number         0  dfixul.o ABSOLUTE
    ../fplib/microlib/fpmul.c                0x00000000   Number         0  dmul.o ABSOLUTE
    ..\Drivers\STM32F1xx_HAL_Driver\Src\stm32f1xx_hal.c 0x00000000   Number         0  stm32f1xx_hal.o ABSOLUTE
    ..\Drivers\STM32F1xx_HAL_Driver\Src\stm32f1xx_hal_cortex.c 0x00000000   Number         0  stm32f1xx_hal_cortex.o ABSOLUTE
    ..\Drivers\STM32F1xx_HAL_Driver\Src\stm32f1xx_hal_dma.c 0x00000000   Number         0  stm32f1xx_hal_dma.o ABSOLUTE
    ..\Drivers\STM32F1xx_HAL_Driver\Src\stm32f1xx_hal_flash.c 0x00000000   Number         0  stm32f1xx_hal_flash.o ABSOLUTE
    ..\Drivers\STM32F1xx_HAL_Driver\Src\stm32f1xx_hal_flash_ex.c 0x00000000   Number         0  stm32f1xx_hal_flash_ex.o ABSOLUTE
    ..\Drivers\STM32F1xx_HAL_Driver\Src\stm32f1xx_hal_gpio.c 0x00000000   Number         0  stm32f1xx_hal_gpio.o ABSOLUTE
    ..\Drivers\STM32F1xx_HAL_Driver\Src\stm32f1xx_hal_gpio_ex.c 0x00000000   Number         0  stm32f1xx_hal_gpio_ex.o ABSOLUTE
    ..\Drivers\STM32F1xx_HAL_Driver\Src\stm32f1xx_hal_pwr.c 0x00000000   Number         0  stm32f1xx_hal_pwr.o ABSOLUTE
    ..\Drivers\STM32F1xx_HAL_Driver\Src\stm32f1xx_hal_rcc.c 0x00000000   Number         0  stm32f1xx_hal_rcc.o ABSOLUTE
    ..\Drivers\STM32F1xx_HAL_Driver\Src\stm32f1xx_hal_rcc_ex.c 0x00000000   Number         0  stm32f1xx_hal_rcc_ex.o ABSOLUTE
    ..\Drivers\STM32F1xx_HAL_Driver\Src\stm32f1xx_hal_spi.c 0x00000000   Number         0  stm32f1xx_hal_spi.o ABSOLUTE
    ..\Drivers\STM32F1xx_HAL_Driver\Src\stm32f1xx_hal_spi_ex.c 0x00000000   Number         0  stm32f1xx_hal_spi_ex.o ABSOLUTE
    ..\Drivers\STM32F1xx_HAL_Driver\Src\stm32f1xx_hal_tim.c 0x00000000   Number         0  stm32f1xx_hal_tim.o ABSOLUTE
    ..\Drivers\STM32F1xx_HAL_Driver\Src\stm32f1xx_hal_tim_ex.c 0x00000000   Number         0  stm32f1xx_hal_tim_ex.o ABSOLUTE
    ..\Drivers\STM32F1xx_HAL_Driver\Src\stm32f1xx_hal_uart.c 0x00000000   Number         0  stm32f1xx_hal_uart.o ABSOLUTE
    ..\Src\main.c                            0x00000000   Number         0  main.o ABSOLUTE
    ..\Src\stm32f1xx_hal_msp.c               0x00000000   Number         0  stm32f1xx_hal_msp.o ABSOLUTE
    ..\Src\stm32f1xx_it.c                    0x00000000   Number         0  stm32f1xx_it.o ABSOLUTE
    ..\Src\system_stm32f1xx.c                0x00000000   Number         0  system_stm32f1xx.o ABSOLUTE
    MY_NRF24.c                               0x00000000   Number         0  my_nrf24.o ABSOLUTE
    MY_NRF24.c                               0x00000000   Number         0  my_nrf24.o ABSOLUTE
    cdrcmple.s                               0x00000000   Number         0  cdrcmple.o ABSOLUTE
    dc.s                                     0x00000000   Number         0  dc.o ABSOLUTE
    handlers.s                               0x00000000   Number         0  handlers.o ABSOLUTE
    init.s                                   0x00000000   Number         0  init.o ABSOLUTE
    startup_stm32f103xb.s                    0x00000000   Number         0  startup_stm32f103xb.o ABSOLUTE
    RESET                                    0x08000000   Section      236  startup_stm32f103xb.o(RESET)
    .ARM.Collect$$$$00000000                 0x080000ec   Section        0  entry.o(.ARM.Collect$$$$00000000)
    .ARM.Collect$$$$00000001                 0x080000ec   Section        4  entry2.o(.ARM.Collect$$$$00000001)
    .ARM.Collect$$$$00000004                 0x080000f0   Section        4  entry5.o(.ARM.Collect$$$$00000004)
    .ARM.Collect$$$$00000008                 0x080000f4   Section        0  entry7b.o(.ARM.Collect$$$$00000008)
    .ARM.Collect$$$$0000000A                 0x080000f4   Section        0  entry8b.o(.ARM.Collect$$$$0000000A)
    .ARM.Collect$$$$0000000B                 0x080000f4   Section        8  entry9a.o(.ARM.Collect$$$$0000000B)
    .ARM.Collect$$$$0000000D                 0x080000fc   Section        0  entry10a.o(.ARM.Collect$$$$0000000D)
    .ARM.Collect$$$$0000000F                 0x080000fc   Section        0  entry11a.o(.ARM.Collect$$$$0000000F)
    .ARM.Collect$$$$00002712                 0x080000fc   Section        4  entry2.o(.ARM.Collect$$$$00002712)
    __lit__00000000                          0x080000fc   Data           4  entry2.o(.ARM.Collect$$$$00002712)
    .text                                    0x08000100   Section       36  startup_stm32f103xb.o(.text)
    .text                                    0x08000124   Section        0  llushr.o(.text)
    .text                                    0x08000144   Section        0  memcpya.o(.text)
    .text                                    0x08000168   Section        0  memseta.o(.text)
    .text                                    0x0800018c   Section        0  strlen.o(.text)
    .text                                    0x0800019a   Section        0  atoi.o(.text)
    .text                                    0x080001b4   Section        0  uldiv.o(.text)
    .text                                    0x08000216   Section        0  strtol.o(.text)
    .text                                    0x08000288   Section       36  init.o(.text)
    .text                                    0x080002ac   Section        0  llshl.o(.text)
    .text                                    0x080002cc   Section        0  ctype_o.o(.text)
    .text                                    0x080002d4   Section        0  _strtoul.o(.text)
    .text                                    0x08000372   Section        0  _chval.o(.text)
    i.BusFault_Handler                       0x0800038e   Section        0  stm32f1xx_it.o(i.BusFault_Handler)
    i.DebugMon_Handler                       0x08000390   Section        0  stm32f1xx_it.o(i.DebugMon_Handler)
    i.HAL_Delay                              0x08000394   Section        0  stm32f1xx_hal.o(i.HAL_Delay)
    i.HAL_GPIO_Init                          0x080003b8   Section        0  stm32f1xx_hal_gpio.o(i.HAL_GPIO_Init)
    i.HAL_GPIO_WritePin                      0x08000574   Section        0  stm32f1xx_hal_gpio.o(i.HAL_GPIO_WritePin)
    i.HAL_GetTick                            0x08000580   Section        0  stm32f1xx_hal.o(i.HAL_GetTick)
    i.HAL_IncTick                            0x0800058c   Section        0  stm32f1xx_hal.o(i.HAL_IncTick)
    i.HAL_Init                               0x0800059c   Section        0  stm32f1xx_hal.o(i.HAL_Init)
    i.HAL_InitTick                           0x080005c0   Section        0  stm32f1xx_hal.o(i.HAL_InitTick)
    i.HAL_MspInit                            0x08000600   Section        0  stm32f1xx_hal_msp.o(i.HAL_MspInit)
    i.HAL_NVIC_SetPriority                   0x0800063c   Section        0  stm32f1xx_hal_cortex.o(i.HAL_NVIC_SetPriority)
    i.HAL_NVIC_SetPriorityGrouping           0x0800067c   Section        0  stm32f1xx_hal_cortex.o(i.HAL_NVIC_SetPriorityGrouping)
    i.HAL_RCC_ClockConfig                    0x080006a0   Section        0  stm32f1xx_hal_rcc.o(i.HAL_RCC_ClockConfig)
    i.HAL_RCC_GetPCLK1Freq                   0x0800080c   Section        0  stm32f1xx_hal_rcc.o(i.HAL_RCC_GetPCLK1Freq)
    i.HAL_RCC_GetPCLK2Freq                   0x0800082c   Section        0  stm32f1xx_hal_rcc.o(i.HAL_RCC_GetPCLK2Freq)
    i.HAL_RCC_GetSysClockFreq                0x0800084c   Section        0  stm32f1xx_hal_rcc.o(i.HAL_RCC_GetSysClockFreq)
    i.HAL_RCC_OscConfig                      0x080008b8   Section        0  stm32f1xx_hal_rcc.o(i.HAL_RCC_OscConfig)
    i.HAL_SPI_Init                           0x08000bbc   Section        0  stm32f1xx_hal_spi_ex.o(i.HAL_SPI_Init)
    i.HAL_SPI_MspInit                        0x08000c40   Section        0  stm32f1xx_hal_msp.o(i.HAL_SPI_MspInit)
    i.HAL_SPI_Receive                        0x08000cb0   Section        0  stm32f1xx_hal_spi.o(i.HAL_SPI_Receive)
    i.HAL_SPI_Transmit                       0x08000e00   Section        0  stm32f1xx_hal_spi.o(i.HAL_SPI_Transmit)
    i.HAL_SPI_TransmitReceive                0x08000f68   Section        0  stm32f1xx_hal_spi.o(i.HAL_SPI_TransmitReceive)
    i.HAL_SYSTICK_Config                     0x08001140   Section        0  stm32f1xx_hal_cortex.o(i.HAL_SYSTICK_Config)
    i.HAL_TIMEx_ConfigBreakDeadTime          0x08001168   Section        0  stm32f1xx_hal_tim_ex.o(i.HAL_TIMEx_ConfigBreakDeadTime)
    i.HAL_TIMEx_MasterConfigSynchronization  0x080011c2   Section        0  stm32f1xx_hal_tim_ex.o(i.HAL_TIMEx_MasterConfigSynchronization)
    i.HAL_TIM_MspPostInit                    0x08001214   Section        0  stm32f1xx_hal_msp.o(i.HAL_TIM_MspPostInit)
    i.HAL_TIM_PWM_ConfigChannel              0x0800129c   Section        0  stm32f1xx_hal_tim.o(i.HAL_TIM_PWM_ConfigChannel)
    i.HAL_TIM_PWM_Init                       0x0800136c   Section        0  stm32f1xx_hal_tim.o(i.HAL_TIM_PWM_Init)
    i.HAL_TIM_PWM_MspInit                    0x080013a4   Section        0  stm32f1xx_hal_msp.o(i.HAL_TIM_PWM_MspInit)
    i.HAL_TIM_PWM_Start                      0x080013e0   Section        0  stm32f1xx_hal_tim.o(i.HAL_TIM_PWM_Start)
    i.HAL_UART_Init                          0x08001410   Section        0  stm32f1xx_hal_uart.o(i.HAL_UART_Init)
    i.HAL_UART_MspInit                       0x08001474   Section        0  stm32f1xx_hal_msp.o(i.HAL_UART_MspInit)
    i.HAL_UART_Transmit                      0x080014e4   Section        0  stm32f1xx_hal_uart.o(i.HAL_UART_Transmit)
    i.HardFault_Handler                      0x0800159e   Section        0  stm32f1xx_it.o(i.HardFault_Handler)
    i.MX_GPIO_Init                           0x080015a0   Section        0  main.o(i.MX_GPIO_Init)
    MX_GPIO_Init                             0x080015a1   Thumb Code   192  main.o(i.MX_GPIO_Init)
    i.MX_SPI1_Init                           0x08001670   Section        0  main.o(i.MX_SPI1_Init)
    MX_SPI1_Init                             0x08001671   Thumb Code    46  main.o(i.MX_SPI1_Init)
    i.MX_TIM1_Init                           0x080016a8   Section        0  main.o(i.MX_TIM1_Init)
    MX_TIM1_Init                             0x080016a9   Thumb Code   130  main.o(i.MX_TIM1_Init)
    i.MX_TIM2_Init                           0x08001734   Section        0  main.o(i.MX_TIM2_Init)
    MX_TIM2_Init                             0x08001735   Thumb Code    90  main.o(i.MX_TIM2_Init)
    i.MemManage_Handler                      0x08001794   Section        0  stm32f1xx_it.o(i.MemManage_Handler)
    i.NMI_Handler                            0x08001796   Section        0  stm32f1xx_it.o(i.NMI_Handler)
    i.NRF24_ACTIVATE_cmd                     0x08001798   Section        0  my_nrf24.o(i.NRF24_ACTIVATE_cmd)
    i.NRF24_available                        0x080017c4   Section        0  my_nrf24.o(i.NRF24_available)
    i.NRF24_availablePipe                    0x080017ca   Section        0  my_nrf24.o(i.NRF24_availablePipe)
    i.NRF24_begin                            0x080017fc   Section        0  my_nrf24.o(i.NRF24_begin)
    i.NRF24_ce                               0x08001988   Section        0  my_nrf24.o(i.NRF24_ce)
    i.NRF24_csn                              0x0800199c   Section        0  my_nrf24.o(i.NRF24_csn)
    i.NRF24_disableDynamicPayloads           0x080019b0   Section        0  my_nrf24.o(i.NRF24_disableDynamicPayloads)
    i.NRF24_flush_rx                         0x080019d8   Section        0  my_nrf24.o(i.NRF24_flush_rx)
    i.NRF24_flush_tx                         0x080019e0   Section        0  my_nrf24.o(i.NRF24_flush_tx)
    i.NRF24_get_status                       0x080019e8   Section        0  my_nrf24.o(i.NRF24_get_status)
    i.NRF24_openReadingPipe                  0x080019f0   Section        0  my_nrf24.o(i.NRF24_openReadingPipe)
    i.NRF24_powerDown                        0x08001a48   Section        0  my_nrf24.o(i.NRF24_powerDown)
    i.NRF24_read                             0x08001a5e   Section        0  my_nrf24.o(i.NRF24_read)
    i.NRF24_read_payload                     0x08001a84   Section        0  my_nrf24.o(i.NRF24_read_payload)
    i.NRF24_read_register                    0x08001ac8   Section        0  my_nrf24.o(i.NRF24_read_register)
    i.NRF24_read_registerN                   0x08001b08   Section        0  my_nrf24.o(i.NRF24_read_registerN)
    i.NRF24_resetStatus                      0x08001b44   Section        0  my_nrf24.o(i.NRF24_resetStatus)
    i.NRF24_setAutoAck                       0x08001b4c   Section        0  my_nrf24.o(i.NRF24_setAutoAck)
    i.NRF24_setCRCLength                     0x08001b5a   Section        0  my_nrf24.o(i.NRF24_setCRCLength)
    i.NRF24_setChannel                       0x08001b82   Section        0  my_nrf24.o(i.NRF24_setChannel)
    i.NRF24_setDataRate                      0x08001b90   Section        0  my_nrf24.o(i.NRF24_setDataRate)
    i.NRF24_setPALevel                       0x08001bec   Section        0  my_nrf24.o(i.NRF24_setPALevel)
    i.NRF24_setPayloadSize                   0x08001c28   Section        0  my_nrf24.o(i.NRF24_setPayloadSize)
    i.NRF24_setRetries                       0x08001c38   Section        0  my_nrf24.o(i.NRF24_setRetries)
    i.NRF24_startListening                   0x08001c48   Section        0  my_nrf24.o(i.NRF24_startListening)
    i.NRF24_write_register                   0x08001c8c   Section        0  my_nrf24.o(i.NRF24_write_register)
    i.NRF24_write_registerN                  0x08001cbc   Section        0  my_nrf24.o(i.NRF24_write_registerN)
    i.NVIC_SetPriority                       0x08001cf8   Section        0  stm32f1xx_hal_cortex.o(i.NVIC_SetPriority)
    NVIC_SetPriority                         0x08001cf9   Thumb Code    32  stm32f1xx_hal_cortex.o(i.NVIC_SetPriority)
    i.PendSV_Handler                         0x08001d18   Section        0  stm32f1xx_it.o(i.PendSV_Handler)
    i.SPI_CheckFlag_BSY                      0x08001d1a   Section        0  stm32f1xx_hal_spi.o(i.SPI_CheckFlag_BSY)
    SPI_CheckFlag_BSY                        0x08001d1b   Thumb Code    32  stm32f1xx_hal_spi.o(i.SPI_CheckFlag_BSY)
    i.SPI_WaitFlagStateUntilTimeout          0x08001d3a   Section        0  stm32f1xx_hal_spi.o(i.SPI_WaitFlagStateUntilTimeout)
    SPI_WaitFlagStateUntilTimeout            0x08001d3b   Thumb Code   150  stm32f1xx_hal_spi.o(i.SPI_WaitFlagStateUntilTimeout)
    i.SVC_Handler                            0x08001dd0   Section        0  stm32f1xx_it.o(i.SVC_Handler)
    i.SysTick_Handler                        0x08001dd2   Section        0  stm32f1xx_it.o(i.SysTick_Handler)
    i.SystemClock_Config                     0x08001dd6   Section        0  main.o(i.SystemClock_Config)
    i.SystemInit                             0x08001e24   Section        0  system_stm32f1xx.o(i.SystemInit)
    i.TIM_Base_SetConfig                     0x08001e6c   Section        0  stm32f1xx_hal_tim.o(i.TIM_Base_SetConfig)
    i.TIM_CCxChannelCmd                      0x08001ed8   Section        0  stm32f1xx_hal_tim.o(i.TIM_CCxChannelCmd)
    i.TIM_OC1_SetConfig                      0x08001ef0   Section        0  stm32f1xx_hal_tim.o(i.TIM_OC1_SetConfig)
    TIM_OC1_SetConfig                        0x08001ef1   Thumb Code    74  stm32f1xx_hal_tim.o(i.TIM_OC1_SetConfig)
    i.TIM_OC2_SetConfig                      0x08001f40   Section        0  stm32f1xx_hal_tim.o(i.TIM_OC2_SetConfig)
    i.TIM_OC3_SetConfig                      0x08001f98   Section        0  stm32f1xx_hal_tim.o(i.TIM_OC3_SetConfig)
    TIM_OC3_SetConfig                        0x08001f99   Thumb Code    82  stm32f1xx_hal_tim.o(i.TIM_OC3_SetConfig)
    i.TIM_OC4_SetConfig                      0x08001ff0   Section        0  stm32f1xx_hal_tim.o(i.TIM_OC4_SetConfig)
    TIM_OC4_SetConfig                        0x08001ff1   Thumb Code    64  stm32f1xx_hal_tim.o(i.TIM_OC4_SetConfig)
    i.UART_SetConfig                         0x08002034   Section        0  stm32f1xx_hal_uart.o(i.UART_SetConfig)
    UART_SetConfig                           0x08002035   Thumb Code   364  stm32f1xx_hal_uart.o(i.UART_SetConfig)
    i.UART_WaitOnFlagUntilTimeout            0x080021a4   Section        0  stm32f1xx_hal_uart.o(i.UART_WaitOnFlagUntilTimeout)
    UART_WaitOnFlagUntilTimeout              0x080021a5   Thumb Code   100  stm32f1xx_hal_uart.o(i.UART_WaitOnFlagUntilTimeout)
    i.UsageFault_Handler                     0x08002208   Section        0  stm32f1xx_it.o(i.UsageFault_Handler)
    i.__0sprintf$8                           0x0800220c   Section        0  printf8.o(i.__0sprintf$8)
    i.__aeabi_errno_addr                     0x08002234   Section        0  errno.o(i.__aeabi_errno_addr)
    i.__scatterload_copy                     0x0800223c   Section       14  handlers.o(i.__scatterload_copy)
    i.__scatterload_null                     0x0800224a   Section        2  handlers.o(i.__scatterload_null)
    i.__scatterload_zeroinit                 0x0800224c   Section       14  handlers.o(i.__scatterload_zeroinit)
    i._printf_core                           0x0800225c   Section        0  printf8.o(i._printf_core)
    _printf_core                             0x0800225d   Thumb Code   996  printf8.o(i._printf_core)
    i._printf_post_padding                   0x0800266c   Section        0  printf8.o(i._printf_post_padding)
    _printf_post_padding                     0x0800266d   Thumb Code    36  printf8.o(i._printf_post_padding)
    i._printf_pre_padding                    0x08002690   Section        0  printf8.o(i._printf_pre_padding)
    _printf_pre_padding                      0x08002691   Thumb Code    46  printf8.o(i._printf_pre_padding)
    i._sputc                                 0x080026be   Section        0  printf8.o(i._sputc)
    _sputc                                   0x080026bf   Thumb Code    10  printf8.o(i._sputc)
    i.main                                   0x080026c8   Section        0  main.o(i.main)
    i.map                                    0x08002974   Section        0  main.o(i.map)
    i.nrf24_DebugUART_Init                   0x08002998   Section        0  my_nrf24.o(i.nrf24_DebugUART_Init)
    i.printRadioSettings                     0x080029b0   Section        0  my_nrf24.o(i.printRadioSettings)
    .constdata                               0x08003180   Section       13  my_nrf24.o(.constdata)
    RF24_RX_PW_PIPE                          0x08003180   Data           6  my_nrf24.o(.constdata)
    NRF24_ADDR_REGS                          0x08003186   Data           7  my_nrf24.o(.constdata)
    .constdata                               0x0800318d   Section       16  system_stm32f1xx.o(.constdata)
    .constdata                               0x0800319d   Section        8  system_stm32f1xx.o(.constdata)
    .constdata                               0x080031a5   Section      129  ctype_o.o(.constdata)
    .constdata                               0x08003228   Section        4  ctype_o.o(.constdata)
    table                                    0x08003228   Data           4  ctype_o.o(.constdata)
    .conststring                             0x0800322c   Section      218  my_nrf24.o(.conststring)
    .data                                    0x20000000   Section       24  my_nrf24.o(.data)
    ack_payload_available                    0x20000000   Data           1  my_nrf24.o(.data)
    ack_payload_length                       0x20000001   Data           1  my_nrf24.o(.data)
    payload_size                             0x20000002   Data           1  my_nrf24.o(.data)
    p_variant                                0x20000004   Data           1  my_nrf24.o(.data)
    nrf24_CSN_PIN                            0x20000006   Data           2  my_nrf24.o(.data)
    nrf24_CE_PIN                             0x20000008   Data           2  my_nrf24.o(.data)
    nrf24_PORT                               0x2000000c   Data           4  my_nrf24.o(.data)
    pipe0_reading_address                    0x20000010   Data           8  my_nrf24.o(.data)
    .data                                    0x20000018   Section      112  main.o(.data)
    pot                                      0x20000018   Data           2  main.o(.data)
    potValue                                 0x2000001a   Data           2  main.o(.data)
    potyon                                   0x2000001c   Data           2  main.o(.data)
    potyonValue                              0x2000001e   Data           2  main.o(.data)
    .data                                    0x20000088   Section       12  stm32f1xx_hal.o(.data)
    .data                                    0x20000094   Section        4  system_stm32f1xx.o(.data)
    .data                                    0x20000098   Section        4  errno.o(.data)
    _errno                                   0x20000098   Data           4  errno.o(.data)
    .bss                                     0x2000009c   Section      152  my_nrf24.o(.bss)
    nrf24_hspi                               0x2000009c   Data          88  my_nrf24.o(.bss)
    nrf24_huart                              0x200000f4   Data          64  my_nrf24.o(.bss)
    .bss                                     0x20000134   Section      280  main.o(.bss)
    STACK                                    0x20000250   Section     1024  startup_stm32f103xb.o(STACK)

    Global Symbols

    Symbol Name                              Value     Ov Type        Size  Object(Section)

    BuildAttributes$$THM_ISAv4$P$D$K$B$S$PE$A:L22UL41UL21$X:L11$S22US41US21$IEEE1$IW$USESV6$~STKCKD$USESV7$~SHL$OSPACE$ROPI$EBA8$MICROLIB$REQ8$PRES8$EABIv2 0x00000000   Number         0  anon$$obj.o ABSOLUTE
    __ARM_use_no_argv                        0x00000000   Number         0  main.o ABSOLUTE
    _printf_a                                0x00000000   Number         0  stubs.o ABSOLUTE
    _printf_c                                0x00000000   Number         0  stubs.o ABSOLUTE
    _printf_charcount                        0x00000000   Number         0  stubs.o ABSOLUTE
    _printf_d                                0x00000000   Number         0  stubs.o ABSOLUTE
    _printf_e                                0x00000000   Number         0  stubs.o ABSOLUTE
    _printf_f                                0x00000000   Number         0  stubs.o ABSOLUTE
    _printf_flags                            0x00000000   Number         0  stubs.o ABSOLUTE
    _printf_fp_dec                           0x00000000   Number         0  stubs.o ABSOLUTE
    _printf_fp_hex                           0x00000000   Number         0  stubs.o ABSOLUTE
    _printf_g                                0x00000000   Number         0  stubs.o ABSOLUTE
    _printf_i                                0x00000000   Number         0  stubs.o ABSOLUTE
    _printf_int_dec                          0x00000000   Number         0  stubs.o ABSOLUTE
    _printf_l                                0x00000000   Number         0  stubs.o ABSOLUTE
    _printf_lc                               0x00000000   Number         0  stubs.o ABSOLUTE
    _printf_ll                               0x00000000   Number         0  stubs.o ABSOLUTE
    _printf_lld                              0x00000000   Number         0  stubs.o ABSOLUTE
    _printf_lli                              0x00000000   Number         0  stubs.o ABSOLUTE
    _printf_llo                              0x00000000   Number         0  stubs.o ABSOLUTE
    _printf_llu                              0x00000000   Number         0  stubs.o ABSOLUTE
    _printf_llx                              0x00000000   Number         0  stubs.o ABSOLUTE
    _printf_longlong_dec                     0x00000000   Number         0  stubs.o ABSOLUTE
    _printf_longlong_hex                     0x00000000   Number         0  stubs.o ABSOLUTE
    _printf_longlong_oct                     0x00000000   Number         0  stubs.o ABSOLUTE
    _printf_ls                               0x00000000   Number         0  stubs.o ABSOLUTE
    _printf_mbtowc                           0x00000000   Number         0  stubs.o ABSOLUTE
    _printf_n                                0x00000000   Number         0  stubs.o ABSOLUTE
    _printf_o                                0x00000000   Number         0  stubs.o ABSOLUTE
    _printf_p                                0x00000000   Number         0  stubs.o ABSOLUTE
    _printf_percent                          0x00000000   Number         0  stubs.o ABSOLUTE
    _printf_pre_padding                      0x00000000   Number         0  stubs.o ABSOLUTE
    _printf_return_value                     0x00000000   Number         0  stubs.o ABSOLUTE
    _printf_s                                0x00000000   Number         0  stubs.o ABSOLUTE
    _printf_sizespec                         0x00000000   Number         0  stubs.o ABSOLUTE
    _printf_str                              0x00000000   Number         0  stubs.o ABSOLUTE
    _printf_truncate_signed                  0x00000000   Number         0  stubs.o ABSOLUTE
    _printf_truncate_unsigned                0x00000000   Number         0  stubs.o ABSOLUTE
    _printf_u                                0x00000000   Number         0  stubs.o ABSOLUTE
    _printf_wc                               0x00000000   Number         0  stubs.o ABSOLUTE
    _printf_wctomb                           0x00000000   Number         0  stubs.o ABSOLUTE
    _printf_widthprec                        0x00000000   Number         0  stubs.o ABSOLUTE
    _printf_x                                0x00000000   Number         0  stubs.o ABSOLUTE
    __cpp_initialize__aeabi_                  - Undefined Weak Reference
    __cxa_finalize                            - Undefined Weak Reference
    __decompress                              - Undefined Weak Reference
    _clock_init                               - Undefined Weak Reference
    _microlib_exit                            - Undefined Weak Reference
    __Vectors_Size                           0x000000ec   Number         0  startup_stm32f103xb.o ABSOLUTE
    __Vectors                                0x08000000   Data           4  startup_stm32f103xb.o(RESET)
    __Vectors_End                            0x080000ec   Data           0  startup_stm32f103xb.o(RESET)
    __main                                   0x080000ed   Thumb Code     0  entry.o(.ARM.Collect$$$$00000000)
    _main_stk                                0x080000ed   Thumb Code     0  entry2.o(.ARM.Collect$$$$00000001)
    _main_scatterload                        0x080000f1   Thumb Code     0  entry5.o(.ARM.Collect$$$$00000004)
    __main_after_scatterload                 0x080000f5   Thumb Code     0  entry5.o(.ARM.Collect$$$$00000004)
    _main_clock                              0x080000f5   Thumb Code     0  entry7b.o(.ARM.Collect$$$$00000008)
    _main_cpp_init                           0x080000f5   Thumb Code     0  entry8b.o(.ARM.Collect$$$$0000000A)
    _main_init                               0x080000f5   Thumb Code     0  entry9a.o(.ARM.Collect$$$$0000000B)
    __rt_final_cpp                           0x080000fd   Thumb Code     0  entry10a.o(.ARM.Collect$$$$0000000D)
    __rt_final_exit                          0x080000fd   Thumb Code     0  entry11a.o(.ARM.Collect$$$$0000000F)
    Reset_Handler                            0x08000101   Thumb Code     8  startup_stm32f103xb.o(.text)
    ADC1_2_IRQHandler                        0x0800011b   Thumb Code     0  startup_stm32f103xb.o(.text)
    CAN1_RX1_IRQHandler                      0x0800011b   Thumb Code     0  startup_stm32f103xb.o(.text)
    CAN1_SCE_IRQHandler                      0x0800011b   Thumb Code     0  startup_stm32f103xb.o(.text)
    DMA1_Channel1_IRQHandler                 0x0800011b   Thumb Code     0  startup_stm32f103xb.o(.text)
    DMA1_Channel2_IRQHandler                 0x0800011b   Thumb Code     0  startup_stm32f103xb.o(.text)
    DMA1_Channel3_IRQHandler                 0x0800011b   Thumb Code     0  startup_stm32f103xb.o(.text)
    DMA1_Channel4_IRQHandler                 0x0800011b   Thumb Code     0  startup_stm32f103xb.o(.text)
    DMA1_Channel5_IRQHandler                 0x0800011b   Thumb Code     0  startup_stm32f103xb.o(.text)
    DMA1_Channel6_IRQHandler                 0x0800011b   Thumb Code     0  startup_stm32f103xb.o(.text)
    DMA1_Channel7_IRQHandler                 0x0800011b   Thumb Code     0  startup_stm32f103xb.o(.text)
    EXTI0_IRQHandler                         0x0800011b   Thumb Code     0  startup_stm32f103xb.o(.text)
    EXTI15_10_IRQHandler                     0x0800011b   Thumb Code     0  startup_stm32f103xb.o(.text)
    EXTI1_IRQHandler                         0x0800011b   Thumb Code     0  startup_stm32f103xb.o(.text)
    EXTI2_IRQHandler                         0x0800011b   Thumb Code     0  startup_stm32f103xb.o(.text)
    EXTI3_IRQHandler                         0x0800011b   Thumb Code     0  startup_stm32f103xb.o(.text)
    EXTI4_IRQHandler                         0x0800011b   Thumb Code     0  startup_stm32f103xb.o(.text)
    EXTI9_5_IRQHandler                       0x0800011b   Thumb Code     0  startup_stm32f103xb.o(.text)
    FLASH_IRQHandler                         0x0800011b   Thumb Code     0  startup_stm32f103xb.o(.text)
    I2C1_ER_IRQHandler                       0x0800011b   Thumb Code     0  startup_stm32f103xb.o(.text)
    I2C1_EV_IRQHandler                       0x0800011b   Thumb Code     0  startup_stm32f103xb.o(.text)
    I2C2_ER_IRQHandler                       0x0800011b   Thumb Code     0  startup_stm32f103xb.o(.text)
    I2C2_EV_IRQHandler                       0x0800011b   Thumb Code     0  startup_stm32f103xb.o(.text)
    PVD_IRQHandler                           0x0800011b   Thumb Code     0  startup_stm32f103xb.o(.text)
    RCC_IRQHandler                           0x0800011b   Thumb Code     0  startup_stm32f103xb.o(.text)
    RTC_Alarm_IRQHandler                     0x0800011b   Thumb Code     0  startup_stm32f103xb.o(.text)
    RTC_IRQHandler                           0x0800011b   Thumb Code     0  startup_stm32f103xb.o(.text)
    SPI1_IRQHandler                          0x0800011b   Thumb Code     0  startup_stm32f103xb.o(.text)
    SPI2_IRQHandler                          0x0800011b   Thumb Code     0  startup_stm32f103xb.o(.text)
    TAMPER_IRQHandler                        0x0800011b   Thumb Code     0  startup_stm32f103xb.o(.text)
    TIM1_BRK_IRQHandler                      0x0800011b   Thumb Code     0  startup_stm32f103xb.o(.text)
    TIM1_CC_IRQHandler                       0x0800011b   Thumb Code     0  startup_stm32f103xb.o(.text)
    TIM1_TRG_COM_IRQHandler                  0x0800011b   Thumb Code     0  startup_stm32f103xb.o(.text)
    TIM1_UP_IRQHandler                       0x0800011b   Thumb Code     0  startup_stm32f103xb.o(.text)
    TIM2_IRQHandler                          0x0800011b   Thumb Code     0  startup_stm32f103xb.o(.text)
    TIM3_IRQHandler                          0x0800011b   Thumb Code     0  startup_stm32f103xb.o(.text)
    TIM4_IRQHandler                          0x0800011b   Thumb Code     0  startup_stm32f103xb.o(.text)
    USART1_IRQHandler                        0x0800011b   Thumb Code     0  startup_stm32f103xb.o(.text)
    USART2_IRQHandler                        0x0800011b   Thumb Code     0  startup_stm32f103xb.o(.text)
    USART3_IRQHandler                        0x0800011b   Thumb Code     0  startup_stm32f103xb.o(.text)
    USBWakeUp_IRQHandler                     0x0800011b   Thumb Code     0  startup_stm32f103xb.o(.text)
    USB_HP_CAN1_TX_IRQHandler                0x0800011b   Thumb Code     0  startup_stm32f103xb.o(.text)
    USB_LP_CAN1_RX0_IRQHandler               0x0800011b   Thumb Code     0  startup_stm32f103xb.o(.text)
    WWDG_IRQHandler                          0x0800011b   Thumb Code     0  startup_stm32f103xb.o(.text)
    __aeabi_llsr                             0x08000125   Thumb Code    32  llushr.o(.text)
    _ll_ushift_r                             0x08000125   Thumb Code     0  llushr.o(.text)
    __aeabi_memcpy                           0x08000145   Thumb Code    36  memcpya.o(.text)
    __aeabi_memcpy4                          0x08000145   Thumb Code     0  memcpya.o(.text)
    __aeabi_memcpy8                          0x08000145   Thumb Code     0  memcpya.o(.text)
    __aeabi_memset                           0x08000169   Thumb Code    14  memseta.o(.text)
    __aeabi_memset4                          0x08000169   Thumb Code     0  memseta.o(.text)
    __aeabi_memset8                          0x08000169   Thumb Code     0  memseta.o(.text)
    __aeabi_memclr                           0x08000177   Thumb Code     4  memseta.o(.text)
    __aeabi_memclr4                          0x08000177   Thumb Code     0  memseta.o(.text)
    __aeabi_memclr8                          0x08000177   Thumb Code     0  memseta.o(.text)
    _memset$wrapper                          0x0800017b   Thumb Code    18  memseta.o(.text)
    strlen                                   0x0800018d   Thumb Code    14  strlen.o(.text)
    atoi                                     0x0800019b   Thumb Code    26  atoi.o(.text)
    __aeabi_uldivmod                         0x080001b5   Thumb Code    98  uldiv.o(.text)
    strtol                                   0x08000217   Thumb Code   112  strtol.o(.text)
    __scatterload                            0x08000289   Thumb Code    28  init.o(.text)
    __scatterload_rt2                        0x08000289   Thumb Code     0  init.o(.text)
    __aeabi_llsl                             0x080002ad   Thumb Code    30  llshl.o(.text)
    _ll_shift_l                              0x080002ad   Thumb Code     0  llshl.o(.text)
    __rt_ctype_table                         0x080002cd   Thumb Code     4  ctype_o.o(.text)
    _strtoul                                 0x080002d5   Thumb Code   158  _strtoul.o(.text)
    _chval                                   0x08000373   Thumb Code    28  _chval.o(.text)
    BusFault_Handler                         0x0800038f   Thumb Code     2  stm32f1xx_it.o(i.BusFault_Handler)
    DebugMon_Handler                         0x08000391   Thumb Code     2  stm32f1xx_it.o(i.DebugMon_Handler)
    HAL_Delay                                0x08000395   Thumb Code    32  stm32f1xx_hal.o(i.HAL_Delay)
    HAL_GPIO_Init                            0x080003b9   Thumb Code   408  stm32f1xx_hal_gpio.o(i.HAL_GPIO_Init)
    HAL_GPIO_WritePin                        0x08000575   Thumb Code    10  stm32f1xx_hal_gpio.o(i.HAL_GPIO_WritePin)
    HAL_GetTick                              0x08000581   Thumb Code     6  stm32f1xx_hal.o(i.HAL_GetTick)
    HAL_IncTick                              0x0800058d   Thumb Code    12  stm32f1xx_hal.o(i.HAL_IncTick)
    HAL_Init                                 0x0800059d   Thumb Code    32  stm32f1xx_hal.o(i.HAL_Init)
    HAL_InitTick                             0x080005c1   Thumb Code    54  stm32f1xx_hal.o(i.HAL_InitTick)
    HAL_MspInit                              0x08000601   Thumb Code    52  stm32f1xx_hal_msp.o(i.HAL_MspInit)
    HAL_NVIC_SetPriority                     0x0800063d   Thumb Code    60  stm32f1xx_hal_cortex.o(i.HAL_NVIC_SetPriority)
    HAL_NVIC_SetPriorityGrouping             0x0800067d   Thumb Code    26  stm32f1xx_hal_cortex.o(i.HAL_NVIC_SetPriorityGrouping)
    HAL_RCC_ClockConfig                      0x080006a1   Thumb Code   346  stm32f1xx_hal_rcc.o(i.HAL_RCC_ClockConfig)
    HAL_RCC_GetPCLK1Freq                     0x0800080d   Thumb Code    20  stm32f1xx_hal_rcc.o(i.HAL_RCC_GetPCLK1Freq)
    HAL_RCC_GetPCLK2Freq                     0x0800082d   Thumb Code    20  stm32f1xx_hal_rcc.o(i.HAL_RCC_GetPCLK2Freq)
    HAL_RCC_GetSysClockFreq                  0x0800084d   Thumb Code    74  stm32f1xx_hal_rcc.o(i.HAL_RCC_GetSysClockFreq)
    HAL_RCC_OscConfig                        0x080008b9   Thumb Code   750  stm32f1xx_hal_rcc.o(i.HAL_RCC_OscConfig)
    HAL_SPI_Init                             0x08000bbd   Thumb Code   130  stm32f1xx_hal_spi_ex.o(i.HAL_SPI_Init)
    HAL_SPI_MspInit                          0x08000c41   Thumb Code    98  stm32f1xx_hal_msp.o(i.HAL_SPI_MspInit)
    HAL_SPI_Receive                          0x08000cb1   Thumb Code   336  stm32f1xx_hal_spi.o(i.HAL_SPI_Receive)
    HAL_SPI_Transmit                         0x08000e01   Thumb Code   360  stm32f1xx_hal_spi.o(i.HAL_SPI_Transmit)
    HAL_SPI_TransmitReceive                  0x08000f69   Thumb Code   472  stm32f1xx_hal_spi.o(i.HAL_SPI_TransmitReceive)
    HAL_SYSTICK_Config                       0x08001141   Thumb Code    40  stm32f1xx_hal_cortex.o(i.HAL_SYSTICK_Config)
    HAL_TIMEx_ConfigBreakDeadTime            0x08001169   Thumb Code    90  stm32f1xx_hal_tim_ex.o(i.HAL_TIMEx_ConfigBreakDeadTime)
    HAL_TIMEx_MasterConfigSynchronization    0x080011c3   Thumb Code    80  stm32f1xx_hal_tim_ex.o(i.HAL_TIMEx_MasterConfigSynchronization)
    HAL_TIM_MspPostInit                      0x08001215   Thumb Code   120  stm32f1xx_hal_msp.o(i.HAL_TIM_MspPostInit)
    HAL_TIM_PWM_ConfigChannel                0x0800129d   Thumb Code   208  stm32f1xx_hal_tim.o(i.HAL_TIM_PWM_ConfigChannel)
    HAL_TIM_PWM_Init                         0x0800136d   Thumb Code    54  stm32f1xx_hal_tim.o(i.HAL_TIM_PWM_Init)
    HAL_TIM_PWM_MspInit                      0x080013a5   Thumb Code    52  stm32f1xx_hal_msp.o(i.HAL_TIM_PWM_MspInit)
    HAL_TIM_PWM_Start                        0x080013e1   Thumb Code    42  stm32f1xx_hal_tim.o(i.HAL_TIM_PWM_Start)
    HAL_UART_Init                            0x08001411   Thumb Code    98  stm32f1xx_hal_uart.o(i.HAL_UART_Init)
    HAL_UART_MspInit                         0x08001475   Thumb Code    98  stm32f1xx_hal_msp.o(i.HAL_UART_MspInit)
    HAL_UART_Transmit                        0x080014e5   Thumb Code   186  stm32f1xx_hal_uart.o(i.HAL_UART_Transmit)
    HardFault_Handler                        0x0800159f   Thumb Code     2  stm32f1xx_it.o(i.HardFault_Handler)
    MemManage_Handler                        0x08001795   Thumb Code     2  stm32f1xx_it.o(i.MemManage_Handler)
    NMI_Handler                              0x08001797   Thumb Code     2  stm32f1xx_it.o(i.NMI_Handler)
    NRF24_ACTIVATE_cmd                       0x08001799   Thumb Code    40  my_nrf24.o(i.NRF24_ACTIVATE_cmd)
    NRF24_available                          0x080017c5   Thumb Code     6  my_nrf24.o(i.NRF24_available)
    NRF24_availablePipe                      0x080017cb   Thumb Code    48  my_nrf24.o(i.NRF24_availablePipe)
    NRF24_begin                              0x080017fd   Thumb Code   388  my_nrf24.o(i.NRF24_begin)
    NRF24_ce                                 0x08001989   Thumb Code    16  my_nrf24.o(i.NRF24_ce)
    NRF24_csn                                0x0800199d   Thumb Code    16  my_nrf24.o(i.NRF24_csn)
    NRF24_disableDynamicPayloads             0x080019b1   Thumb Code    34  my_nrf24.o(i.NRF24_disableDynamicPayloads)
    NRF24_flush_rx                           0x080019d9   Thumb Code     8  my_nrf24.o(i.NRF24_flush_rx)
    NRF24_flush_tx                           0x080019e1   Thumb Code     8  my_nrf24.o(i.NRF24_flush_tx)
    NRF24_get_status                         0x080019e9   Thumb Code     6  my_nrf24.o(i.NRF24_get_status)
    NRF24_openReadingPipe                    0x080019f1   Thumb Code    78  my_nrf24.o(i.NRF24_openReadingPipe)
    NRF24_powerDown                          0x08001a49   Thumb Code    22  my_nrf24.o(i.NRF24_powerDown)
    NRF24_read                               0x08001a5f   Thumb Code    36  my_nrf24.o(i.NRF24_read)
    NRF24_read_payload                       0x08001a85   Thumb Code    58  my_nrf24.o(i.NRF24_read_payload)
    NRF24_read_register                      0x08001ac9   Thumb Code    58  my_nrf24.o(i.NRF24_read_register)
    NRF24_read_registerN                     0x08001b09   Thumb Code    54  my_nrf24.o(i.NRF24_read_registerN)
    NRF24_resetStatus                        0x08001b45   Thumb Code     8  my_nrf24.o(i.NRF24_resetStatus)
    NRF24_setAutoAck                         0x08001b4d   Thumb Code    14  my_nrf24.o(i.NRF24_setAutoAck)
    NRF24_setCRCLength                       0x08001b5b   Thumb Code    40  my_nrf24.o(i.NRF24_setCRCLength)
    NRF24_setChannel                         0x08001b83   Thumb Code    14  my_nrf24.o(i.NRF24_setChannel)
    NRF24_setDataRate                        0x08001b91   Thumb Code    86  my_nrf24.o(i.NRF24_setDataRate)
    NRF24_setPALevel                         0x08001bed   Thumb Code    60  my_nrf24.o(i.NRF24_setPALevel)
    NRF24_setPayloadSize                     0x08001c29   Thumb Code    12  my_nrf24.o(i.NRF24_setPayloadSize)
    NRF24_setRetries                         0x08001c39   Thumb Code    14  my_nrf24.o(i.NRF24_setRetries)
    NRF24_startListening                     0x08001c49   Thumb Code    64  my_nrf24.o(i.NRF24_startListening)
    NRF24_write_register                     0x08001c8d   Thumb Code    44  my_nrf24.o(i.NRF24_write_register)
    NRF24_write_registerN                    0x08001cbd   Thumb Code    54  my_nrf24.o(i.NRF24_write_registerN)
    PendSV_Handler                           0x08001d19   Thumb Code     2  stm32f1xx_it.o(i.PendSV_Handler)
    SVC_Handler                              0x08001dd1   Thumb Code     2  stm32f1xx_it.o(i.SVC_Handler)
    SysTick_Handler                          0x08001dd3   Thumb Code     4  stm32f1xx_it.o(i.SysTick_Handler)
    SystemClock_Config                       0x08001dd7   Thumb Code    76  main.o(i.SystemClock_Config)
    SystemInit                               0x08001e25   Thumb Code    56  system_stm32f1xx.o(i.SystemInit)
    TIM_Base_SetConfig                       0x08001e6d   Thumb Code    94  stm32f1xx_hal_tim.o(i.TIM_Base_SetConfig)
    TIM_CCxChannelCmd                        0x08001ed9   Thumb Code    22  stm32f1xx_hal_tim.o(i.TIM_CCxChannelCmd)
    TIM_OC2_SetConfig                        0x08001f41   Thumb Code    84  stm32f1xx_hal_tim.o(i.TIM_OC2_SetConfig)
    UsageFault_Handler                       0x08002209   Thumb Code     2  stm32f1xx_it.o(i.UsageFault_Handler)
    __0sprintf$8                             0x0800220d   Thumb Code    34  printf8.o(i.__0sprintf$8)
    __1sprintf$8                             0x0800220d   Thumb Code     0  printf8.o(i.__0sprintf$8)
    __2sprintf                               0x0800220d   Thumb Code     0  printf8.o(i.__0sprintf$8)
    __aeabi_errno_addr                       0x08002235   Thumb Code     4  errno.o(i.__aeabi_errno_addr)
    __rt_errno_addr                          0x08002235   Thumb Code     0  errno.o(i.__aeabi_errno_addr)
    __scatterload_copy                       0x0800223d   Thumb Code    14  handlers.o(i.__scatterload_copy)
    __scatterload_null                       0x0800224b   Thumb Code     2  handlers.o(i.__scatterload_null)
    __scatterload_zeroinit                   0x0800224d   Thumb Code    14  handlers.o(i.__scatterload_zeroinit)
    main                                     0x080026c9   Thumb Code   616  main.o(i.main)
    map                                      0x08002975   Thumb Code    36  main.o(i.map)
    nrf24_DebugUART_Init                     0x08002999   Thumb Code    20  my_nrf24.o(i.nrf24_DebugUART_Init)
    printRadioSettings                       0x080029b1   Thumb Code  1890  my_nrf24.o(i.printRadioSettings)
    AHBPrescTable                            0x0800318d   Data          16  system_stm32f1xx.o(.constdata)
    APBPrescTable                            0x0800319d   Data           8  system_stm32f1xx.o(.constdata)
    __ctype_table                            0x080031a5   Data         129  ctype_o.o(.constdata)
    Region$$Table$$Base                      0x08003308   Number         0  anon$$obj.o(Region$$Table)
    Region$$Table$$Limit                     0x08003328   Number         0  anon$$obj.o(Region$$Table)
    dynamic_payloads_enabled                 0x20000003   Data           1  my_nrf24.o(.data)
    wide_band                                0x20000005   Data           1  my_nrf24.o(.data)
    RxpipeAddrs                              0x20000020   Data           8  main.o(.data)
    data1                                    0x20000028   Data          32  main.o(.data)
    data2                                    0x20000048   Data          32  main.o(.data)
    data3                                    0x20000068   Data          32  main.o(.data)
    uwTickFreq                               0x20000088   Data           1  stm32f1xx_hal.o(.data)
    uwTickPrio                               0x2000008c   Data           4  stm32f1xx_hal.o(.data)
    uwTick                                   0x20000090   Data           4  stm32f1xx_hal.o(.data)
    SystemCoreClock                          0x20000094   Data           4  system_stm32f1xx.o(.data)
    hspi1                                    0x20000134   Data          88  main.o(.bss)
    htim1                                    0x2000018c   Data          64  main.o(.bss)
    htim2                                    0x200001cc   Data          64  main.o(.bss)
    huart2                                   0x2000020c   Data          64  main.o(.bss)
    __initial_sp                             0x20000650   Data           0  startup_stm32f103xb.o(STACK)



==============================================================================

Memory Map of the image

  Image Entry point : 0x080000ed

  Load Region LR_IROM1 (Base: 0x08000000, Size: 0x000033c4, Max: 0x00010000, ABSOLUTE)

    Execution Region ER_IROM1 (Exec base: 0x08000000, Load base: 0x08000000, Size: 0x00003328, Max: 0x00010000, ABSOLUTE)

    Exec Addr    Load Addr    Size         Type   Attr      Idx    E Section Name        Object

    0x08000000   0x08000000   0x000000ec   Data   RO            3    RESET               startup_stm32f103xb.o
    0x080000ec   0x080000ec   0x00000000   Code   RO         3164  * .ARM.Collect$$$$00000000  mc_w.l(entry.o)
    0x080000ec   0x080000ec   0x00000004   Code   RO         3440    .ARM.Collect$$$$00000001  mc_w.l(entry2.o)
    0x080000f0   0x080000f0   0x00000004   Code   RO         3443    .ARM.Collect$$$$00000004  mc_w.l(entry5.o)
    0x080000f4   0x080000f4   0x00000000   Code   RO         3445    .ARM.Collect$$$$00000008  mc_w.l(entry7b.o)
    0x080000f4   0x080000f4   0x00000000   Code   RO         3447    .ARM.Collect$$$$0000000A  mc_w.l(entry8b.o)
    0x080000f4   0x080000f4   0x00000008   Code   RO         3448    .ARM.Collect$$$$0000000B  mc_w.l(entry9a.o)
    0x080000fc   0x080000fc   0x00000000   Code   RO         3450    .ARM.Collect$$$$0000000D  mc_w.l(entry10a.o)
    0x080000fc   0x080000fc   0x00000000   Code   RO         3452    .ARM.Collect$$$$0000000F  mc_w.l(entry11a.o)
    0x080000fc   0x080000fc   0x00000004   Code   RO         3441    .ARM.Collect$$$$00002712  mc_w.l(entry2.o)
    0x08000100   0x08000100   0x00000024   Code   RO            4    .text               startup_stm32f103xb.o
    0x08000124   0x08000124   0x00000020   Code   RO         3167    .text               mc_w.l(llushr.o)
    0x08000144   0x08000144   0x00000024   Code   RO         3169    .text               mc_w.l(memcpya.o)
    0x08000168   0x08000168   0x00000024   Code   RO         3171    .text               mc_w.l(memseta.o)
    0x0800018c   0x0800018c   0x0000000e   Code   RO         3173    .text               mc_w.l(strlen.o)
    0x0800019a   0x0800019a   0x0000001a   Code   RO         3438    .text               mc_w.l(atoi.o)
    0x080001b4   0x080001b4   0x00000062   Code   RO         3459    .text               mc_w.l(uldiv.o)
    0x08000216   0x08000216   0x00000070   Code   RO         3468    .text               mc_w.l(strtol.o)
    0x08000286   0x08000286   0x00000002   PAD
    0x08000288   0x08000288   0x00000024   Code   RO         3481    .text               mc_w.l(init.o)
    0x080002ac   0x080002ac   0x0000001e   Code   RO         3484    .text               mc_w.l(llshl.o)
    0x080002ca   0x080002ca   0x00000002   PAD
    0x080002cc   0x080002cc   0x00000008   Code   RO         3488    .text               mc_w.l(ctype_o.o)
    0x080002d4   0x080002d4   0x0000009e   Code   RO         3516    .text               mc_w.l(_strtoul.o)
    0x08000372   0x08000372   0x0000001c   Code   RO         3521    .text               mc_w.l(_chval.o)
    0x0800038e   0x0800038e   0x00000002   Code   RO          524    i.BusFault_Handler  stm32f1xx_it.o
    0x08000390   0x08000390   0x00000002   Code   RO          525    i.DebugMon_Handler  stm32f1xx_it.o
    0x08000392   0x08000392   0x00000002   PAD
    0x08000394   0x08000394   0x00000024   Code   RO         2245    i.HAL_Delay         stm32f1xx_hal.o
    0x080003b8   0x080003b8   0x000001bc   Code   RO         2541    i.HAL_GPIO_Init     stm32f1xx_hal_gpio.o
    0x08000574   0x08000574   0x0000000a   Code   RO         2545    i.HAL_GPIO_WritePin  stm32f1xx_hal_gpio.o
    0x0800057e   0x0800057e   0x00000002   PAD
    0x08000580   0x08000580   0x0000000c   Code   RO         2249    i.HAL_GetTick       stm32f1xx_hal.o
    0x0800058c   0x0800058c   0x00000010   Code   RO         2253    i.HAL_IncTick       stm32f1xx_hal.o
    0x0800059c   0x0800059c   0x00000024   Code   RO         2254    i.HAL_Init          stm32f1xx_hal.o
    0x080005c0   0x080005c0   0x00000040   Code   RO         2255    i.HAL_InitTick      stm32f1xx_hal.o
    0x08000600   0x08000600   0x0000003c   Code   RO          599    i.HAL_MspInit       stm32f1xx_hal_msp.o
    0x0800063c   0x0800063c   0x00000040   Code   RO         2707    i.HAL_NVIC_SetPriority  stm32f1xx_hal_cortex.o
    0x0800067c   0x0800067c   0x00000024   Code   RO         2708    i.HAL_NVIC_SetPriorityGrouping  stm32f1xx_hal_cortex.o
    0x080006a0   0x080006a0   0x0000016c   Code   RO         2401    i.HAL_RCC_ClockConfig  stm32f1xx_hal_rcc.o
    0x0800080c   0x0800080c   0x00000020   Code   RO         2408    i.HAL_RCC_GetPCLK1Freq  stm32f1xx_hal_rcc.o
    0x0800082c   0x0800082c   0x00000020   Code   RO         2409    i.HAL_RCC_GetPCLK2Freq  stm32f1xx_hal_rcc.o
    0x0800084c   0x0800084c   0x0000006c   Code   RO         2410    i.HAL_RCC_GetSysClockFreq  stm32f1xx_hal_rcc.o
    0x080008b8   0x080008b8   0x00000304   Code   RO         2413    i.HAL_RCC_OscConfig  stm32f1xx_hal_rcc.o
    0x08000bbc   0x08000bbc   0x00000082   Code   RO         1024    i.HAL_SPI_Init      stm32f1xx_hal_spi_ex.o
    0x08000c3e   0x08000c3e   0x00000002   PAD
    0x08000c40   0x08000c40   0x00000070   Code   RO          601    i.HAL_SPI_MspInit   stm32f1xx_hal_msp.o
    0x08000cb0   0x08000cb0   0x00000150   Code   RO          715    i.HAL_SPI_Receive   stm32f1xx_hal_spi.o
    0x08000e00   0x08000e00   0x00000168   Code   RO          720    i.HAL_SPI_Transmit  stm32f1xx_hal_spi.o
    0x08000f68   0x08000f68   0x000001d8   Code   RO          721    i.HAL_SPI_TransmitReceive  stm32f1xx_hal_spi.o
    0x08001140   0x08001140   0x00000028   Code   RO         2712    i.HAL_SYSTICK_Config  stm32f1xx_hal_cortex.o
    0x08001168   0x08001168   0x0000005a   Code   RO         1681    i.HAL_TIMEx_ConfigBreakDeadTime  stm32f1xx_hal_tim_ex.o
    0x080011c2   0x080011c2   0x00000050   Code   RO         1696    i.HAL_TIMEx_MasterConfigSynchronization  stm32f1xx_hal_tim_ex.o
    0x08001212   0x08001212   0x00000002   PAD
    0x08001214   0x08001214   0x00000088   Code   RO          602    i.HAL_TIM_MspPostInit  stm32f1xx_hal_msp.o
    0x0800129c   0x0800129c   0x000000d0   Code   RO         1116    i.HAL_TIM_PWM_ConfigChannel  stm32f1xx_hal_tim.o
    0x0800136c   0x0800136c   0x00000036   Code   RO         1119    i.HAL_TIM_PWM_Init  stm32f1xx_hal_tim.o
    0x080013a2   0x080013a2   0x00000002   PAD
    0x080013a4   0x080013a4   0x0000003c   Code   RO          604    i.HAL_TIM_PWM_MspInit  stm32f1xx_hal_msp.o
    0x080013e0   0x080013e0   0x00000030   Code   RO         1123    i.HAL_TIM_PWM_Start  stm32f1xx_hal_tim.o
    0x08001410   0x08001410   0x00000062   Code   RO         1937    i.HAL_UART_Init     stm32f1xx_hal_uart.o
    0x08001472   0x08001472   0x00000002   PAD
    0x08001474   0x08001474   0x00000070   Code   RO          606    i.HAL_UART_MspInit  stm32f1xx_hal_msp.o
    0x080014e4   0x080014e4   0x000000ba   Code   RO         1945    i.HAL_UART_Transmit  stm32f1xx_hal_uart.o
    0x0800159e   0x0800159e   0x00000002   Code   RO          526    i.HardFault_Handler  stm32f1xx_it.o
    0x080015a0   0x080015a0   0x000000d0   Code   RO          449    i.MX_GPIO_Init      main.o
    0x08001670   0x08001670   0x00000038   Code   RO          450    i.MX_SPI1_Init      main.o
    0x080016a8   0x080016a8   0x0000008c   Code   RO          451    i.MX_TIM1_Init      main.o
    0x08001734   0x08001734   0x00000060   Code   RO          452    i.MX_TIM2_Init      main.o
    0x08001794   0x08001794   0x00000002   Code   RO          527    i.MemManage_Handler  stm32f1xx_it.o
    0x08001796   0x08001796   0x00000002   Code   RO          528    i.NMI_Handler       stm32f1xx_it.o
    0x08001798   0x08001798   0x0000002c   Code   RO           13    i.NRF24_ACTIVATE_cmd  my_nrf24.o
    0x080017c4   0x080017c4   0x00000006   Code   RO           16    i.NRF24_available   my_nrf24.o
    0x080017ca   0x080017ca   0x00000030   Code   RO           17    i.NRF24_availablePipe  my_nrf24.o
    0x080017fa   0x080017fa   0x00000002   PAD
    0x080017fc   0x080017fc   0x0000018c   Code   RO           18    i.NRF24_begin       my_nrf24.o
    0x08001988   0x08001988   0x00000014   Code   RO           19    i.NRF24_ce          my_nrf24.o
    0x0800199c   0x0800199c   0x00000014   Code   RO           20    i.NRF24_csn         my_nrf24.o
    0x080019b0   0x080019b0   0x00000028   Code   RO           22    i.NRF24_disableDynamicPayloads  my_nrf24.o
    0x080019d8   0x080019d8   0x00000008   Code   RO           25    i.NRF24_flush_rx    my_nrf24.o
    0x080019e0   0x080019e0   0x00000008   Code   RO           26    i.NRF24_flush_tx    my_nrf24.o
    0x080019e8   0x080019e8   0x00000006   Code   RO           32    i.NRF24_get_status  my_nrf24.o
    0x080019ee   0x080019ee   0x00000002   PAD
    0x080019f0   0x080019f0   0x00000058   Code   RO           35    i.NRF24_openReadingPipe  my_nrf24.o
    0x08001a48   0x08001a48   0x00000016   Code   RO           37    i.NRF24_powerDown   my_nrf24.o
    0x08001a5e   0x08001a5e   0x00000024   Code   RO           39    i.NRF24_read        my_nrf24.o
    0x08001a82   0x08001a82   0x00000002   PAD
    0x08001a84   0x08001a84   0x00000044   Code   RO           40    i.NRF24_read_payload  my_nrf24.o
    0x08001ac8   0x08001ac8   0x00000040   Code   RO           41    i.NRF24_read_register  my_nrf24.o
    0x08001b08   0x08001b08   0x0000003c   Code   RO           42    i.NRF24_read_registerN  my_nrf24.o
    0x08001b44   0x08001b44   0x00000008   Code   RO           43    i.NRF24_resetStatus  my_nrf24.o
    0x08001b4c   0x08001b4c   0x0000000e   Code   RO           44    i.NRF24_setAutoAck  my_nrf24.o
    0x08001b5a   0x08001b5a   0x00000028   Code   RO           46    i.NRF24_setCRCLength  my_nrf24.o
    0x08001b82   0x08001b82   0x0000000e   Code   RO           47    i.NRF24_setChannel  my_nrf24.o
    0x08001b90   0x08001b90   0x0000005c   Code   RO           48    i.NRF24_setDataRate  my_nrf24.o
    0x08001bec   0x08001bec   0x0000003c   Code   RO           49    i.NRF24_setPALevel  my_nrf24.o
    0x08001c28   0x08001c28   0x00000010   Code   RO           50    i.NRF24_setPayloadSize  my_nrf24.o
    0x08001c38   0x08001c38   0x0000000e   Code   RO           51    i.NRF24_setRetries  my_nrf24.o
    0x08001c46   0x08001c46   0x00000002   PAD
    0x08001c48   0x08001c48   0x00000044   Code   RO           52    i.NRF24_startListening  my_nrf24.o
    0x08001c8c   0x08001c8c   0x00000030   Code   RO           61    i.NRF24_write_register  my_nrf24.o
    0x08001cbc   0x08001cbc   0x0000003c   Code   RO           62    i.NRF24_write_registerN  my_nrf24.o
    0x08001cf8   0x08001cf8   0x00000020   Code   RO         2714    i.NVIC_SetPriority  stm32f1xx_hal_cortex.o
    0x08001d18   0x08001d18   0x00000002   Code   RO          529    i.PendSV_Handler    stm32f1xx_it.o
    0x08001d1a   0x08001d1a   0x00000020   Code   RO          736    i.SPI_CheckFlag_BSY  stm32f1xx_hal_spi.o
    0x08001d3a   0x08001d3a   0x00000096   Code   RO          755    i.SPI_WaitFlagStateUntilTimeout  stm32f1xx_hal_spi.o
    0x08001dd0   0x08001dd0   0x00000002   Code   RO          530    i.SVC_Handler       stm32f1xx_it.o
    0x08001dd2   0x08001dd2   0x00000004   Code   RO          531    i.SysTick_Handler   stm32f1xx_it.o
    0x08001dd6   0x08001dd6   0x0000004c   Code   RO          453    i.SystemClock_Config  main.o
    0x08001e22   0x08001e22   0x00000002   PAD
    0x08001e24   0x08001e24   0x00000048   Code   RO         3130    i.SystemInit        system_stm32f1xx.o
    0x08001e6c   0x08001e6c   0x0000006c   Code   RO         1134    i.TIM_Base_SetConfig  stm32f1xx_hal_tim.o
    0x08001ed8   0x08001ed8   0x00000016   Code   RO         1135    i.TIM_CCxChannelCmd  stm32f1xx_hal_tim.o
    0x08001eee   0x08001eee   0x00000002   PAD
    0x08001ef0   0x08001ef0   0x00000050   Code   RO         1143    i.TIM_OC1_SetConfig  stm32f1xx_hal_tim.o
    0x08001f40   0x08001f40   0x00000058   Code   RO         1144    i.TIM_OC2_SetConfig  stm32f1xx_hal_tim.o
    0x08001f98   0x08001f98   0x00000058   Code   RO         1145    i.TIM_OC3_SetConfig  stm32f1xx_hal_tim.o
    0x08001ff0   0x08001ff0   0x00000044   Code   RO         1146    i.TIM_OC4_SetConfig  stm32f1xx_hal_tim.o
    0x08002034   0x08002034   0x00000170   Code   RO         1963    i.UART_SetConfig    stm32f1xx_hal_uart.o
    0x080021a4   0x080021a4   0x00000064   Code   RO         1965    i.UART_WaitOnFlagUntilTimeout  stm32f1xx_hal_uart.o
    0x08002208   0x08002208   0x00000002   Code   RO          532    i.UsageFault_Handler  stm32f1xx_it.o
    0x0800220a   0x0800220a   0x00000002   PAD
    0x0800220c   0x0800220c   0x00000028   Code   RO         3386    i.__0sprintf$8      mc_w.l(printf8.o)
    0x08002234   0x08002234   0x00000008   Code   RO         3461    i.__aeabi_errno_addr  mc_w.l(errno.o)
    0x0800223c   0x0800223c   0x0000000e   Code   RO         3525    i.__scatterload_copy  mc_w.l(handlers.o)
    0x0800224a   0x0800224a   0x00000002   Code   RO         3526    i.__scatterload_null  mc_w.l(handlers.o)
    0x0800224c   0x0800224c   0x0000000e   Code   RO         3527    i.__scatterload_zeroinit  mc_w.l(handlers.o)
    0x0800225a   0x0800225a   0x00000002   PAD
    0x0800225c   0x0800225c   0x00000410   Code   RO         3391    i._printf_core      mc_w.l(printf8.o)
    0x0800266c   0x0800266c   0x00000024   Code   RO         3392    i._printf_post_padding  mc_w.l(printf8.o)
    0x08002690   0x08002690   0x0000002e   Code   RO         3393    i._printf_pre_padding  mc_w.l(printf8.o)
    0x080026be   0x080026be   0x0000000a   Code   RO         3395    i._sputc            mc_w.l(printf8.o)
    0x080026c8   0x080026c8   0x000002ac   Code   RO          454    i.main              main.o
    0x08002974   0x08002974   0x00000024   Code   RO          455    i.map               main.o
    0x08002998   0x08002998   0x00000018   Code   RO           63    i.nrf24_DebugUART_Init  my_nrf24.o
    0x080029b0   0x080029b0   0x000007d0   Code   RO           66    i.printRadioSettings  my_nrf24.o
    0x08003180   0x08003180   0x0000000d   Data   RO           69    .constdata          my_nrf24.o
    0x0800318d   0x0800318d   0x00000010   Data   RO         3131    .constdata          system_stm32f1xx.o
    0x0800319d   0x0800319d   0x00000008   Data   RO         3132    .constdata          system_stm32f1xx.o
    0x080031a5   0x080031a5   0x00000081   Data   RO         3489    .constdata          mc_w.l(ctype_o.o)
    0x08003226   0x08003226   0x00000002   PAD
    0x08003228   0x08003228   0x00000004   Data   RO         3490    .constdata          mc_w.l(ctype_o.o)
    0x0800322c   0x0800322c   0x000000da   Data   RO           70    .conststring        my_nrf24.o
    0x08003306   0x08003306   0x00000002   PAD
    0x08003308   0x08003308   0x00000020   Data   RO         3523    Region$$Table       anon$$obj.o


    Execution Region RW_IRAM1 (Exec base: 0x20000000, Load base: 0x08003328, Size: 0x00000650, Max: 0x00005000, ABSOLUTE)

    Exec Addr    Load Addr    Size         Type   Attr      Idx    E Section Name        Object

    0x20000000   0x08003328   0x00000018   Data   RW           71    .data               my_nrf24.o
    0x20000018   0x08003340   0x00000070   Data   RW          458    .data               main.o
    0x20000088   0x080033b0   0x0000000c   Data   RW         2261    .data               stm32f1xx_hal.o
    0x20000094   0x080033bc   0x00000004   Data   RW         3133    .data               system_stm32f1xx.o
    0x20000098   0x080033c0   0x00000004   Data   RW         3464    .data               mc_w.l(errno.o)
    0x2000009c        -       0x00000098   Zero   RW           68    .bss                my_nrf24.o
    0x20000134        -       0x00000118   Zero   RW          456    .bss                main.o
    0x2000024c   0x080033c4   0x00000004   PAD
    0x20000250        -       0x00000400   Zero   RW            1    STACK               startup_stm32f103xb.o


==============================================================================

Image component sizes


      Code (inc. data)   RO Data    RW Data    ZI Data      Debug   Object Name

      1296        110          0        112        280       5100   main.o
      3392        984        231         24        152     452250   my_nrf24.o
        36          8        236          0       1024        776   startup_stm32f103xb.o
       164         28          0         12          0       5681   stm32f1xx_hal.o
       172         14          0          0          0      24986   stm32f1xx_hal_cortex.o
       454         36          0          0          0       2800   stm32f1xx_hal_gpio.o
       480         60          0          0          0       3431   stm32f1xx_hal_msp.o
      1308         98          0          0          0       5060   stm32f1xx_hal_rcc.o
      1350          0          0          0          0       5891   stm32f1xx_hal_spi.o
       130          0          0          0          0       1011   stm32f1xx_hal_spi_ex.o
       764         40          0          0          0       7200   stm32f1xx_hal_tim.o
       170          0          0          0          0       1984   stm32f1xx_hal_tim_ex.o
       752          4          0          0          0       3784   stm32f1xx_hal_uart.o
        20          0          0          0          0       3542   stm32f1xx_it.o
        72         16         24          4          0       1079   system_stm32f1xx.o

    ----------------------------------------------------------------------
     10586       1398        525        152       1460     524575   Object Totals
         0          0         32          0          0          0   (incl. Generated)
        26          0          2          0          4          0   (incl. Padding)

    ----------------------------------------------------------------------

      Code (inc. data)   RO Data    RW Data    ZI Data      Debug   Library Member Name

        28          0          0          0          0         68   _chval.o
       158          0          0          0          0         92   _strtoul.o
        26          0          0          0          0         80   atoi.o
         8          4        133          0          0         68   ctype_o.o
         0          0          0          0          0          0   entry.o
         0          0          0          0          0          0   entry10a.o
         0          0          0          0          0          0   entry11a.o
         8          4          0          0          0          0   entry2.o
         4          0          0          0          0          0   entry5.o
         0          0          0          0          0          0   entry7b.o
         0          0          0          0          0          0   entry8b.o
         8          4          0          0          0          0   entry9a.o
         8          4          0          4          0         68   errno.o
        30          0          0          0          0          0   handlers.o
        36          8          0          0          0         68   init.o
        30          0          0          0          0         68   llshl.o
        32          0          0          0          0         68   llushr.o
        36          0          0          0          0         68   memcpya.o
        36          0          0          0          0        108   memseta.o
      1172         50          0          0          0        420   printf8.o
        14          0          0          0          0         68   strlen.o
       112          0          0          0          0         88   strtol.o
        98          0          0          0          0         92   uldiv.o

    ----------------------------------------------------------------------
      1850         74        135          4          0       1424   Library Totals
         6          0          2          0          0          0   (incl. Padding)

    ----------------------------------------------------------------------

      Code (inc. data)   RO Data    RW Data    ZI Data      Debug   Library Name

      1844         74        133          4          0       1424   mc_w.l

    ----------------------------------------------------------------------
      1850         74        135          4          0       1424   Library Totals

    ----------------------------------------------------------------------

==============================================================================


      Code (inc. data)   RO Data    RW Data    ZI Data      Debug   

     12436       1472        660        156       1460     521055   Grand Totals
     12436       1472        660        156       1460     521055   ELF Image Totals
     12436       1472        660        156          0          0   ROM Totals

==============================================================================

    Total RO  Size (Code + RO Data)                13096 (  12.79kB)
    Total RW  Size (RW Data + ZI Data)              1616 (   1.58kB)
    Total ROM Size (Code + RO Data + RW Data)      13252 (  12.94kB)

==============================================================================

